2023-09-25 14:54:05.048  1471  2030 I dvm_lock_sample: [system_server,1,Binder:1471_2,2752,ActivityManagerService.java,8934,boolean com.android.server.am.ActivityManagerService.isUserAMonkey(),,0,null,lock <0x0bbcf52e> (a com.android.server.am.ActivityManagerService) held by thread 7253 (Binder:1471_13),100]
2023-09-25 14:54:05.049  1471  7250 I dvm_lock_sample: [system_server,1,Binder:1471_11,2597,ActivityManagerService.java,7168,java.lang.String com.android.server.am.ActivityManagerService.checkContentProviderAccess(java.lang.String, int),,0,null,lock <0x0bbcf52e> (a com.android.server.am.ActivityManagerService) held by thread 7442 (Binder:1471_1B),100]
2023-09-25 14:54:05.049  1471  4361 I dvm_lock_sample: [system_server,0,NetworkStats,2130,ActivityManagerService.java,17570,int com.android.server.am.ActivityManagerService.broadcastIntentWithFeature(android.app.IApplicationThread, java.lang.String, android.content.Intent, java.lang.String, android.content.IIntentReceiver, int, java.lang.String, android.os.Bundle, java.lang.String[], int, android.os.Bundle, boolean, boolean, int),,0,null,lock <0x0bbcf52e> (a com.android.server.am.ActivityManagerService) held by thread 7273 (Binder:1471_1A),100]
2023-09-25 14:54:05.051  1471  7442 I dvm_lock_sample: [system_server,1,Binder:1471_1B,1304,ActivityManagerService.java,17570,int com.android.server.am.ActivityManagerService.broadcastIntentWithFeature(android.app.IApplicationThread, java.lang.String, android.content.Intent, java.lang.String, android.content.IIntentReceiver, int, java.lang.String, android.os.Bundle, java.lang.String[], int, android.os.Bundle, boolean, boolean, int),,0,null,lock <0x0bbcf52e> (a com.android.server.am.ActivityManagerService) held by thread 7273 (Binder:1471_1A),100]
2023-09-25 14:54:05.052  1471  2048 I dvm_lock_sample: [system_server,0,android.bg,2860,ActivityManagerService.java,2124,void com.android.server.am.ActivityManagerService$5.handleMessage(android.os.Message),,0,null,lock <0x0bbcf52e> (a com.android.server.am.ActivityManagerService) held by thread 2884 (SettingsRegistry),100]
2023-09-25 14:54:05.664  1471  7250 I dvm_lock_sample: [system_server,1,Binder:1471_11,598,ActivityManagerService.java,15857,android.content.ComponentName com.android.server.am.ActivityManagerService.startService(android.app.IApplicationThread, android.content.Intent, java.lang.String, boolean, java.lang.String, java.lang.String, int),,0,null,lock <0x0bbcf52e> (a com.android.server.am.ActivityManagerService) held by thread 7273 (Binder:1471_1A),59]
2023-09-25 14:54:05.674  1471  2048 I dvm_lock_sample: [system_server,0,android.bg,569,ActivityManagerService.java,2158,void com.android.server.am.ActivityManagerService$5.handleMessage(android.os.Message),,0,null,lock <0x0bbcf52e> (a com.android.server.am.ActivityManagerService) held by thread 7273 (Binder:1471_1A),56]
2023-09-25 14:54:05.675  1471  4361 I dvm_lock_sample: [system_server,0,NetworkStats,545,ActivityManagerService.java,17570,int com.android.server.am.ActivityManagerService.broadcastIntentWithFeature(android.app.IApplicationThread, java.lang.String, android.content.Intent, java.lang.String, android.content.IIntentReceiver, int, java.lang.String, android.os.Bundle, java.lang.String[], int, android.os.Bundle, boolean, boolean, int),,0,null,lock <0x0bbcf52e> (a com.android.server.am.ActivityManagerService) held by thread 7273 (Binder:1471_1A),54]
2023-09-25 14:54:05.675  1471  2030 I dvm_lock_sample: [system_server,1,Binder:1471_2,411,ActivityManagerService.java,16015,int com.android.server.am.ActivityManagerService.bindIsolatedService(android.app.IApplicationThread, android.os.IBinder, android.content.Intent, java.lang.String, android.app.IServiceConnection, int, java.lang.String, java.lang.String, int),,0,null,lock <0x0bbcf52e> (a com.android.server.am.ActivityManagerService) held by thread 7273 (Binder:1471_1A),41]
2023-09-25 14:54:06.118  1471  2039 I dvm_lock_sample: [system_server,1,android.ui,460,ActivityManagerService.java,3473,void com.android.server.am.ActivityManagerService.dispatchProcessesChanged(),,0,null,lock <0x0bbcf52e> (a com.android.server.am.ActivityManagerService) held by thread 7273 (Binder:1471_1A),46]
2023-09-25 14:54:06.119  1471  2049 I dvm_lock_sample: [system_server,1,ActivityManager,448,BroadcastQueue.java,949,void com.android.server.am.BroadcastQueue.processNextBroadcast(boolean),,0,null,lock <0x0bbcf52e> (a com.android.server.am.ActivityManagerService) held by thread 7250 (Binder:1471_11),44]
2023-09-25 14:54:06.833  1471  7272 I dvm_lock_sample: [system_server,1,Binder:1471_19,1134,ActivityManagerService.java,10762,java.util.List com.android.server.am.ActivityManagerService.getRunningAppProcesses(),,0,null,lock <0x0bbcf52e> (a com.android.server.am.ActivityManagerService) held by thread 7442 (Binder:1471_1B),100]
2023-09-25 14:54:06.833  1471  2884 I dvm_lock_sample: [system_server,0,SettingsRegistry,1174,ActivityManagerService.java,6367,int com.android.server.am.ActivityManagerService.getUidState(int),,0,null,lock <0x0bbcf52e> (a com.android.server.am.ActivityManagerService) held by thread 5000 (LMS.handlerthread),100]
2023-09-25 14:54:06.835  1471  2048 I dvm_lock_sample: [system_server,0,android.bg,669,ActivityManagerService.java,2158,void com.android.server.am.ActivityManagerService$5.handleMessage(android.os.Message),-,17694,void com.android.server.am.ActivityManagerService.finishReceiver(android.os.IBinder, int, java.lang.String, android.os.Bundle, boolean, int),lock <0x0bbcf52e> (a com.android.server.am.ActivityManagerService) held by thread 7250 (Binder:1471_11),66]
2023-09-25 14:54:07.554  1471  7272 I dvm_lock_sample: [system_server,1,Binder:1471_19,686,ActivityManagerService.java,15857,android.content.ComponentName com.android.server.am.ActivityManagerService.startService(android.app.IApplicationThread, android.content.Intent, java.lang.String, boolean, java.lang.String, java.lang.String, int),-,17694,void com.android.server.am.ActivityManagerService.finishReceiver(android.os.IBinder, int, java.lang.String, android.os.Bundle, boolean, int),lock <0x0bbcf52e> (a com.android.server.am.ActivityManagerService) held by thread 7250 (Binder:1471_11),68]
2023-09-25 14:54:07.554  1471  4361 I dvm_lock_sample: [system_server,0,NetworkStats,499,ActivityManagerService.java,17570,int com.android.server.am.ActivityManagerService.broadcastIntentWithFeature(android.app.IApplicationThread, java.lang.String, android.content.Intent, java.lang.String, android.content.IIntentReceiver, int, java.lang.String, android.os.Bundle, java.lang.String[], int, android.os.Bundle, boolean, boolean, int),,0,null,lock <0x0bbcf52e> (a com.android.server.am.ActivityManagerService) held by thread 7250 (Binder:1471_11),49]
2023-09-25 14:54:07.555  1471 12088 I dvm_lock_sample: [system_server,1,Binder:1471_21,323,ActivityManagerService.java,9159,int com.android.server.am.ActivityManagerService.getUidProcessState(int, java.lang.String),,0,null,lock <0x0bbcf52e> (a com.android.server.am.ActivityManagerService) held by thread 7250 (Binder:1471_11),32]
2023-09-25 14:54:07.560  1471  2048 I dvm_lock_sample: [system_server,0,android.bg,676,ActivityManagerService.java,2158,void com.android.server.am.ActivityManagerService$5.handleMessage(android.os.Message),,0,null,lock <0x0bbcf52e> (a com.android.server.am.ActivityManagerService) held by thread 7250 (Binder:1471_11),67]
2023-09-25 14:54:07.562  1471  4702 I dvm_lock_sample: [system_server,1,Binder:1471_F,599,ActivityManagerService.java,7393,android.app.ContentProviderHolder com.android.server.am.ActivityManagerService.getContentProviderImpl(android.app.IApplicationThread, java.lang.String, android.os.IBinder, int, java.lang.String, java.lang.String, boolean, int),,0,null,lock <0x0bbcf52e> (a com.android.server.am.ActivityManagerService) held by thread 7250 (Binder:1471_11),59]
2023-09-25 14:54:10.582  1471  4702 I dvm_lock_sample: [system_server,1,Binder:1471_F,2810,ActivityManagerService.java,16015,int com.android.server.am.ActivityManagerService.bindIsolatedService(android.app.IApplicationThread, android.os.IBinder, android.content.Intent, java.lang.String, android.app.IServiceConnection, int, java.lang.String, java.lang.String, int),-,17694,void com.android.server.am.ActivityManagerService.finishReceiver(android.os.IBinder, int, java.lang.String, android.os.Bundle, boolean, int),lock <0x0bbcf52e> (a com.android.server.am.ActivityManagerService) held by thread 7272 (Binder:1471_19),100]
2023-09-25 14:54:10.586  1471  7250 I dvm_lock_sample: [system_server,1,Binder:1471_11,2811,ActivityManagerService.java,16365,android.content.Intent com.android.server.am.ActivityManagerService.registerReceiverWithFeature(android.app.IApplicationThread, java.lang.String, java.lang.String, android.content.IIntentReceiver, android.content.IntentFilter, java.lang.String, int, int),-,17694,void com.android.server.am.ActivityManagerService.finishReceiver(android.os.IBinder, int, java.lang.String, android.os.Bundle, boolean, int),lock <0x0bbcf52e> (a com.android.server.am.ActivityManagerService) held by thread 7272 (Binder:1471_19),100]
2023-09-25 14:54:10.586  1471  7271 I dvm_lock_sample: [system_server,1,Binder:1471_18,2805,ActivityManagerService.java,16028,boolean com.android.server.am.ActivityManagerService.unbindService(android.app.IServiceConnection),-,17694,void com.android.server.am.ActivityManagerService.finishReceiver(android.os.IBinder, int, java.lang.String, android.os.Bundle, boolean, int),lock <0x0bbcf52e> (a com.android.server.am.ActivityManagerService) held by thread 7272 (Binder:1471_19),100]
2023-09-25 14:54:11.195  1471  2039 I dvm_lock_sample: [system_server,1,android.ui,3002,ActivityManagerService.java,3473,void com.android.server.am.ActivityManagerService.dispatchProcessesChanged(),,0,null,lock <0x0bbcf52e> (a com.android.server.am.ActivityManagerService) held by thread 7272 (Binder:1471_19),100]
2023-09-25 14:54:11.196  1471  4361 I dvm_lock_sample: [system_server,0,NetworkStats,2549,ActivityManagerService.java,17570,int com.android.server.am.ActivityManagerService.broadcastIntentWithFeature(android.app.IApplicationThread, java.lang.String, android.content.Intent, java.lang.String, android.content.IIntentReceiver, int, java.lang.String, android.os.Bundle, java.lang.String[], int, android.os.Bundle, boolean, boolean, int),,0,null,lock <0x0bbcf52e> (a com.android.server.am.ActivityManagerService) held by thread 7272 (Binder:1471_19),100]
2023-09-25 14:54:11.197  1471  7868 I dvm_lock_sample: [system_server,1,Binder:1471_20,2293,ActivityManagerService.java,16015,int com.android.server.am.ActivityManagerService.bindIsolatedService(android.app.IApplicationThread, android.os.IBinder, android.content.Intent, java.lang.String, android.app.IServiceConnection, int, java.lang.String, java.lang.String, int),,0,null,lock <0x0bbcf52e> (a com.android.server.am.ActivityManagerService) held by thread 7272 (Binder:1471_19),100]
2023-09-25 14:54:11.435  1471  7270 I dvm_lock_sample: [system_server,1,Binder:1471_17,2313,ActivityManagerService.java,16015,int com.android.server.am.ActivityManagerService.bindIsolatedService(android.app.IApplicationThread, android.os.IBinder, android.content.Intent, java.lang.String, android.app.IServiceConnection, int, java.lang.String, java.lang.String, int),,0,null,lock <0x0bbcf52e> (a com.android.server.am.ActivityManagerService) held by thread 7272 (Binder:1471_19),100]
2023-09-25 14:54:11.743  1471  2048 I dvm_lock_sample: [system_server,0,android.bg,4160,ActivityManagerService.java,2124,void com.android.server.am.ActivityManagerService$5.handleMessage(android.os.Message),,0,null,lock <0x0bbcf52e> (a com.android.server.am.ActivityManagerService) held by thread 7272 (Binder:1471_19),100]
2023-09-25 14:54:11.746  1471  4698 I dvm_lock_sample: [system_server,1,Binder:1471_C,1761,ActivityManagerService.java,15857,android.content.ComponentName com.android.server.am.ActivityManagerService.startService(android.app.IApplicationThread, android.content.Intent, java.lang.String, boolean, java.lang.String, java.lang.String, int),,0,null,lock <0x0bbcf52e> (a com.android.server.am.ActivityManagerService) held by thread 7272 (Binder:1471_19),100]
2023-09-25 14:54:11.748  1471  7273 I dvm_lock_sample: [system_server,1,Binder:1471_1A,1526,ActivityManagerService.java,8934,boolean com.android.server.am.ActivityManagerService.isUserAMonkey(),,0,null,lock <0x0bbcf52e> (a com.android.server.am.ActivityManagerService) held by thread 7272 (Binder:1471_19),100]
2023-09-25 14:54:11.750  1471  7269 I dvm_lock_sample: [system_server,1,Binder:1471_16,1529,ActivityManagerService.java,8934,boolean com.android.server.am.ActivityManagerService.isUserAMonkey(),,0,null,lock <0x0bbcf52e> (a com.android.server.am.ActivityManagerService) held by thread 7272 (Binder:1471_19),100]
2023-09-25 14:54:11.755  1471  2030 I dvm_lock_sample: [system_server,1,Binder:1471_2,1534,ActivityManagerService.java,17570,int com.android.server.am.ActivityManagerService.broadcastIntentWithFeature(android.app.IApplicationThread, java.lang.String, android.content.Intent, java.lang.String, android.content.IIntentReceiver, int, java.lang.String, android.os.Bundle, java.lang.String[], int, android.os.Bundle, boolean, boolean, int),,0,null,lock <0x0bbcf52e> (a com.android.server.am.ActivityManagerService) held by thread 7272 (Binder:1471_19),100]
2023-09-25 14:54:11.760  1471  7442 I dvm_lock_sample: [system_server,1,Binder:1471_1B,3928,ActivityManagerService.java,6611,boolean com.android.server.am.ActivityManagerService.isAppStartModeDisabled(int, java.lang.String),,0,null,lock <0x0bbcf52e> (a com.android.server.am.ActivityManagerService) held by thread 7272 (Binder:1471_19),100]
2023-09-25 14:54:11.761  1471  7250 I dvm_lock_sample: [system_server,0,Binder:1471_11,1169,ActivityManagerService.java,16059,void com.android.server.am.ActivityManagerService.serviceDoneExecuting(android.os.IBinder, int, int, int),,0,null,lock <0x0bbcf52e> (a com.android.server.am.ActivityManagerService) held by thread 7271 (Binder:1471_18),100]
2023-09-25 14:54:11.761  1471  7272 I dvm_lock_sample: [system_server,1,Binder:1471_19,1163,ActivityManagerService.java,16039,void com.android.server.am.ActivityManagerService.publishService(android.os.IBinder, android.content.Intent, android.os.IBinder),,0,null,lock <0x0bbcf52e> (a com.android.server.am.ActivityManagerService) held by thread 7271 (Binder:1471_18),100]
2023-09-25 14:54:11.767  1471  7237 I dvm_lock_sample: [system_server,1,Binder:1471_10,494,ActivityManagerService.java,16365,android.content.Intent com.android.server.am.ActivityManagerService.registerReceiverWithFeature(android.app.IApplicationThread, java.lang.String, java.lang.String, android.content.IIntentReceiver, android.content.IntentFilter, java.lang.String, int, int),-,16016,int com.android.server.am.ActivityManagerService.bindIsolatedService(android.app.IApplicationThread, android.os.IBinder, android.content.Intent, java.lang.String, android.app.IServiceConnection, int, java.lang.String, java.lang.String, int),lock <0x0bbcf52e> (a com.android.server.am.ActivityManagerService) held by thread 7868 (Binder:1471_20),49]
2023-09-25 14:54:12.618  1471  4702 I dvm_lock_sample: [system_server,1,Binder:1471_F,2006,ActivityManagerService.java,16365,android.content.Intent com.android.server.am.ActivityManagerService.registerReceiverWithFeature(android.app.IApplicationThread, java.lang.String, java.lang.String, android.content.IIntentReceiver, android.content.IntentFilter, java.lang.String, int, int),,0,null,lock <0x0bbcf52e> (a com.android.server.am.ActivityManagerService) held by thread 7271 (Binder:1471_18),100]
2023-09-25 14:54:12.619  1471  7271 I dvm_lock_sample: [system_server,1,Binder:1471_18,1407,ActivityManagerService.java,17570,int com.android.server.am.ActivityManagerService.broadcastIntentWithFeature(android.app.IApplicationThread, java.lang.String, android.content.Intent, java.lang.String, android.content.IIntentReceiver, int, java.lang.String, android.os.Bundle, java.lang.String[], int, android.os.Bundle, boolean, boolean, int),,0,null,lock <0x0bbcf52e> (a com.android.server.am.ActivityManagerService) held by thread 7868 (Binder:1471_20),100]
2023-09-25 14:54:12.621  1471  2049 I dvm_lock_sample: [system_server,1,ActivityManager,1417,BroadcastQueue.java,949,void com.android.server.am.BroadcastQueue.processNextBroadcast(boolean),,0,null,lock <0x0bbcf52e> (a com.android.server.am.ActivityManagerService) held by thread 7868 (Binder:1471_20),100]
2023-09-25 14:54:12.621  1471  4698 I dvm_lock_sample: [system_server,0,Binder:1471_C,849,ActivityManagerService.java,16059,void com.android.server.am.ActivityManagerService.serviceDoneExecuting(android.os.IBinder, int, int, int),,0,null,lock <0x0bbcf52e> (a com.android.server.am.ActivityManagerService) held by thread 7237 (Binder:1471_10),84]
2023-09-25 14:54:13.394  1471  7442 I dvm_lock_sample: [system_server,1,Binder:1471_1B,1619,ActivityManagerService.java,10889,int com.android.server.am.ActivityManagerService.getMemoryTrimLevel(),,0,null,lock <0x0bbcf52e> (a com.android.server.am.ActivityManagerService) held by thread 7267 (Binder:1471_14),100]
2023-09-25 14:54:13.395  1471  7237 I dvm_lock_sample: [system_server,1,Binder:1471_10,1614,ActivityManagerService.java,16449,android.content.Intent com.android.server.am.ActivityManagerService.registerReceiverWithFeature(android.app.IApplicationThread, java.lang.String, java.lang.String, android.content.IIntentReceiver, android.content.IntentFilter, java.lang.String, int, int),,0,null,lock <0x0bbcf52e> (a com.android.server.am.ActivityManagerService) held by thread 7267 (Binder:1471_14),100]
2023-09-25 14:54:13.414  1471  7269 I dvm_lock_sample: [system_server,1,Binder:1471_16,1641,ActivityManagerService.java,17570,int com.android.server.am.ActivityManagerService.broadcastIntentWithFeature(android.app.IApplicationThread, java.lang.String, android.content.Intent, java.lang.String, android.content.IIntentReceiver, int, java.lang.String, android.os.Bundle, java.lang.String[], int, android.os.Bundle, boolean, boolean, int),,0,null,lock <0x0bbcf52e> (a com.android.server.am.ActivityManagerService) held by thread 7237 (Binder:1471_10),100]
2023-09-25 14:54:13.420  1471  5000 I dvm_lock_sample: [system_server,0,LMS.handlerthread,744,ActivityManagerService.java,9159,int com.android.server.am.ActivityManagerService.getUidProcessState(int, java.lang.String),,0,null,lock <0x0bbcf52e> (a com.android.server.am.ActivityManagerService) held by thread 7271 (Binder:1471_18),74]
2023-09-25 14:54:13.458  1471  7273 I dvm_lock_sample: [system_server,1,Binder:1471_1A,683,ActivityManagerService.java,17570,int com.android.server.am.ActivityManagerService.broadcastIntentWithFeature(android.app.IApplicationThread, java.lang.String, android.content.Intent, java.lang.String, android.content.IIntentReceiver, int, java.lang.String, android.os.Bundle, java.lang.String[], int, android.os.Bundle, boolean, boolean, int),,0,null,lock <0x0bbcf52e> (a com.android.server.am.ActivityManagerService) held by thread 7271 (Binder:1471_18),68]
2023-09-25 14:54:13.462  1471  2039 I dvm_lock_sample: [system_server,1,android.ui,1682,ActivityManagerService.java,3579,void com.android.server.am.ActivityManagerService.dispatchUidsChanged(),,0,null,lock <0x0bbcf52e> (a com.android.server.am.ActivityManagerService) held by thread 7267 (Binder:1471_14),100]
2023-09-25 14:54:13.462  1471  2030 I dvm_lock_sample: [system_server,1,Binder:1471_2,992,ActivityManagerService.java,7168,java.lang.String com.android.server.am.ActivityManagerService.checkContentProviderAccess(java.lang.String, int),,0,null,lock <0x0bbcf52e> (a com.android.server.am.ActivityManagerService) held by thread 7267 (Binder:1471_14),99]
2023-09-25 14:54:13.470  1471  1471 I dvm_lock_sample: [system_server,0,main,5916,ActivityManagerService.java,16059,void com.android.server.am.ActivityManagerService.serviceDoneExecuting(android.os.IBinder, int, int, int),,0,null,lock <0x0bbcf52e> (a com.android.server.am.ActivityManagerService) held by thread 7272 (Binder:1471_19),100]
2023-09-25 14:54:15.114  1471  7269 I dvm_lock_sample: [system_server,1,Binder:1471_16,1626,ActivityManagerService.java,15857,android.content.ComponentName com.android.server.am.ActivityManagerService.startService(android.app.IApplicationThread, android.content.Intent, java.lang.String, boolean, java.lang.String, java.lang.String, int),-,17694,void com.android.server.am.ActivityManagerService.finishReceiver(android.os.IBinder, int, java.lang.String, android.os.Bundle, boolean, int),lock <0x0bbcf52e> (a com.android.server.am.ActivityManagerService) held by thread 7271 (Binder:1471_18),100]
2023-09-25 14:54:15.117  1471  2884 I dvm_lock_sample: [system_server,0,SettingsRegistry,1637,ActivityManagerService.java,6367,int com.android.server.am.ActivityManagerService.getUidState(int),,0,null,lock <0x0bbcf52e> (a com.android.server.am.ActivityManagerService) held by thread 7271 (Binder:1471_18),100]
2023-09-25 14:54:15.119  1471  2049 I dvm_lock_sample: [system_server,1,ActivityManager,1631,BroadcastQueue.java,949,void com.android.server.am.BroadcastQueue.processNextBroadcast(boolean),,0,null,lock <0x0bbcf52e> (a com.android.server.am.ActivityManagerService) held by thread 7271 (Binder:1471_18),100]
2023-09-25 14:54:15.119  1471  1471 I dvm_lock_sample: [system_server,0,main,1605,ActivityManagerService.java,10889,int com.android.server.am.ActivityManagerService.getMemoryTrimLevel(),,0,null,lock <0x0bbcf52e> (a com.android.server.am.ActivityManagerService) held by thread 7271 (Binder:1471_18),100]
2023-09-25 14:54:15.120  1471  7868 I dvm_lock_sample: [system_server,1,Binder:1471_20,1351,ActivityManagerService.java,17570,int com.android.server.am.ActivityManagerService.broadcastIntentWithFeature(android.app.IApplicationThread, java.lang.String, android.content.Intent, java.lang.String, android.content.IIntentReceiver, int, java.lang.String, android.os.Bundle, java.lang.String[], int, android.os.Bundle, boolean, boolean, int),,0,null,lock <0x0bbcf52e> (a com.android.server.am.ActivityManagerService) held by thread 7271 (Binder:1471_18),100]
2023-09-25 14:54:15.122  1471  7273 I dvm_lock_sample: [system_server,1,Binder:1471_1A,1343,ActivityManagerService.java,16365,android.content.Intent com.android.server.am.ActivityManagerService.registerReceiverWithFeature(android.app.IApplicationThread, java.lang.String, java.lang.String, android.content.IIntentReceiver, android.content.IntentFilter, java.lang.String, int, int),,0,null,lock <0x0bbcf52e> (a com.android.server.am.ActivityManagerService) held by thread 7271 (Binder:1471_18),100]
2023-09-25 14:54:15.123  1471  2038 I dvm_lock_sample: [system_server,0,android.fg,1033,ActivityManagerService.java,19594,void com.android.server.am.ActivityManagerService.monitor(),,0,null,lock <0x0bbcf52e> (a com.android.server.am.ActivityManagerService) held by thread 7271 (Binder:1471_18),100]
2023-09-25 14:54:15.528  1471  2030 I dvm_lock_sample: [system_server,1,Binder:1471_2,788,ActivityManagerService.java,16015,int com.android.server.am.ActivityManagerService.bindIsolatedService(android.app.IApplicationThread, android.os.IBinder, android.content.Intent, java.lang.String, android.app.IServiceConnection, int, java.lang.String, java.lang.String, int),,0,null,lock <0x0bbcf52e> (a com.android.server.am.ActivityManagerService) held by thread 7271 (Binder:1471_18),78]
2023-09-25 14:54:15.822  1471  4361 I dvm_lock_sample: [system_server,0,NetworkStats,1079,ActivityManagerService.java,17570,int com.android.server.am.ActivityManagerService.broadcastIntentWithFeature(android.app.IApplicationThread, java.lang.String, android.content.Intent, java.lang.String, android.content.IIntentReceiver, int, java.lang.String, android.os.Bundle, java.lang.String[], int, android.os.Bundle, boolean, boolean, int),,0,null,lock <0x0bbcf52e> (a com.android.server.am.ActivityManagerService) held by thread 7271 (Binder:1471_18),100]
2023-09-25 14:54:15.823  1471  2039 I dvm_lock_sample: [system_server,1,android.ui,710,ActivityManagerService.java,3473,void com.android.server.am.ActivityManagerService.dispatchProcessesChanged(),,0,null,lock <0x0bbcf52e> (a com.android.server.am.ActivityManagerService) held by thread 7271 (Binder:1471_18),71]
2023-09-25 14:54:15.824  1471  7273 I dvm_lock_sample: [system_server,1,Binder:1471_1A,701,ActivityManagerService.java,16449,android.content.Intent com.android.server.am.ActivityManagerService.registerReceiverWithFeature(android.app.IApplicationThread, java.lang.String, java.lang.String, android.content.IIntentReceiver, android.content.IntentFilter, java.lang.String, int, int),,0,null,lock <0x0bbcf52e> (a com.android.server.am.ActivityManagerService) held by thread 7272 (Binder:1471_19),70]
2023-09-25 14:54:15.829  1471  7442 I dvm_lock_sample: [system_server,1,Binder:1471_1B,218,ActivityManagerService.java,19260,void com.android.server.am.ActivityManagerService.trimApplications(java.lang.String),,0,null,lock <0x0bbcf52e> (a com.android.server.am.ActivityManagerService) held by thread 2030 (Binder:1471_2),21]
2023-09-25 14:54:16.540  1471  7269 I dvm_lock_sample: [system_server,1,Binder:1471_16,765,ActivityManagerService.java,17570,int com.android.server.am.ActivityManagerService.broadcastIntentWithFeature(android.app.IApplicationThread, java.lang.String, android.content.Intent, java.lang.String, android.content.IIntentReceiver, int, java.lang.String, android.os.Bundle, java.lang.String[], int, android.os.Bundle, boolean, boolean, int),,0,null,lock <0x0bbcf52e> (a com.android.server.am.ActivityManagerService) held by thread 2030 (Binder:1471_2),76]
2023-09-25 14:54:16.543  1471  7271 I dvm_lock_sample: [system_server,0,Binder:1471_18,719,ActivityManagerService.java,17676,void com.android.server.am.ActivityManagerService.finishReceiver(android.os.IBinder, int, java.lang.String, android.os.Bundle, boolean, int),,0,null,lock <0x0bbcf52e> (a com.android.server.am.ActivityManagerService) held by thread 7273 (Binder:1471_1A),71]
2023-09-25 14:54:17.066  1471  7250 I dvm_lock_sample: [system_server,1,Binder:1471_11,3492,ActivityManagerService.java,7168,java.lang.String com.android.server.am.ActivityManagerService.checkContentProviderAccess(java.lang.String, int),-,17694,void com.android.server.am.ActivityManagerService.finishReceiver(android.os.IBinder, int, java.lang.String, android.os.Bundle, boolean, int),lock <0x0bbcf52e> (a com.android.server.am.ActivityManagerService) held by thread 7271 (Binder:1471_18),100]
2023-09-25 14:54:17.066  1471  7270 I dvm_lock_sample: [system_server,1,Binder:1471_17,1938,ActivityManagerService.java,8934,boolean com.android.server.am.ActivityManagerService.isUserAMonkey(),,0,null,lock <0x0bbcf52e> (a com.android.server.am.ActivityManagerService) held by thread 7272 (Binder:1471_19),100]
2023-09-25 14:54:17.067  1471  2041 I dvm_lock_sample: [system_server,1,android.display,1236,ActivityManagerService.java,20180,void com.android.server.am.ActivityManagerService$LocalService.updateCpuStats(),,0,null,lock <0x0bbcf52e> (a com.android.server.am.ActivityManagerService) held by thread 7442 (Binder:1471_1B),100]
2023-09-25 14:54:17.068  1471  1471 I dvm_lock_sample: [system_server,0,main,1232,ActivityManagerService.java,6611,boolean com.android.server.am.ActivityManagerService.isAppStartModeDisabled(int, java.lang.String),,0,null,lock <0x0bbcf52e> (a com.android.server.am.ActivityManagerService) held by thread 7442 (Binder:1471_1B),100]
2023-09-25 14:54:17.071  1471  7273 I dvm_lock_sample: [system_server,1,Binder:1471_1A,1190,ActivityManagerService.java,16365,android.content.Intent com.android.server.am.ActivityManagerService.registerReceiverWithFeature(android.app.IApplicationThread, java.lang.String, java.lang.String, android.content.IIntentReceiver, android.content.IntentFilter, java.lang.String, int, int),,0,null,lock <0x0bbcf52e> (a com.android.server.am.ActivityManagerService) held by thread 7442 (Binder:1471_1B),100]
2023-09-25 14:54:17.074  1471  2040 I dvm_lock_sample: [system_server,0,android.io,1203,ActivityManagerService.java,17570,int com.android.server.am.ActivityManagerService.broadcastIntentWithFeature(android.app.IApplicationThread, java.lang.String, android.content.Intent, java.lang.String, android.content.IIntentReceiver, int, java.lang.String, android.os.Bundle, java.lang.String[], int, android.os.Bundle, boolean, boolean, int),,0,null,lock <0x0bbcf52e> (a com.android.server.am.ActivityManagerService) held by thread 7442 (Binder:1471_1B),100]
2023-09-25 14:54:17.076  1471  2030 I dvm_lock_sample: [system_server,1,Binder:1471_2,1046,ActivityManagerService.java,16536,void com.android.server.am.ActivityManagerService.unregisterReceiver(android.content.IIntentReceiver),,0,null,lock <0x0bbcf52e> (a com.android.server.am.ActivityManagerService) held by thread 7442 (Binder:1471_1B),100]
2023-09-25 14:54:17.586  1471  2039 I dvm_lock_sample: [system_server,1,android.ui,1757,ActivityManagerService.java,3473,void com.android.server.am.ActivityManagerService.dispatchProcessesChanged(),,0,null,lock <0x0bbcf52e> (a com.android.server.am.ActivityManagerService) held by thread 7442 (Binder:1471_1B),100]
2023-09-25 14:54:19.378  1471  2030 I dvm_lock_sample: [system_server,1,Binder:1471_2,2274,ActivityManagerService.java,15857,android.content.ComponentName com.android.server.am.ActivityManagerService.startService(android.app.IApplicationThread, android.content.Intent, java.lang.String, boolean, java.lang.String, java.lang.String, int),,0,null,lock <0x0bbcf52e> (a com.android.server.am.ActivityManagerService) held by thread 1471 (main),100]
2023-09-25 14:54:19.379  1471  7250 I dvm_lock_sample: [system_server,1,Binder:1471_11,2248,ActivityManagerService.java,7168,java.lang.String com.android.server.am.ActivityManagerService.checkContentProviderAccess(java.lang.String, int),,0,null,lock <0x0bbcf52e> (a com.android.server.am.ActivityManagerService) held by thread 1471 (main),100]
2023-09-25 14:54:19.379  1471  2039 I dvm_lock_sample: [system_server,1,android.ui,1792,ActivityManagerService.java,3513,void com.android.server.am.ActivityManagerService.dispatchProcessesChanged(),,0,null,lock <0x0bbcf52e> (a com.android.server.am.ActivityManagerService) held by thread 7442 (Binder:1471_1B),100]
2023-09-25 14:54:19.379  1471  1471 I dvm_lock_sample: [system_server,0,main,1788,ActivityManagerService.java,17570,int com.android.server.am.ActivityManagerService.broadcastIntentWithFeature(android.app.IApplicationThread, java.lang.String, android.content.Intent, java.lang.String, android.content.IIntentReceiver, int, java.lang.String, android.os.Bundle, java.lang.String[], int, android.os.Bundle, boolean, boolean, int),,0,null,lock <0x0bbcf52e> (a com.android.server.am.ActivityManagerService) held by thread 7442 (Binder:1471_1B),100]
2023-09-25 14:54:19.380  1471  2041 I dvm_lock_sample: [system_server,1,android.display,1329,ProcessRecord.java,1520,void com.android.server.am.ProcessRecord.setPendingUiClean(boolean),,0,null,lock <0x0bbcf52e> (a com.android.server.am.ActivityManagerService) held by thread 7442 (Binder:1471_1B),100]
2023-09-25 14:54:19.380  1471  2049 I dvm_lock_sample: [system_server,1,ActivityManager,2303,BroadcastQueue.java,949,void com.android.server.am.BroadcastQueue.processNextBroadcast(boolean),,0,null,lock <0x0bbcf52e> (a com.android.server.am.ActivityManagerService) held by thread 2030 (Binder:1471_2),100]
2023-09-25 14:54:19.380  1471  7273 I dvm_lock_sample: [system_server,1,Binder:1471_1A,1750,ActivityManagerService.java,9159,int com.android.server.am.ActivityManagerService.getUidProcessState(int, java.lang.String),,0,null,lock <0x0bbcf52e> (a com.android.server.am.ActivityManagerService) held by thread 7442 (Binder:1471_1B),100]
2023-09-25 14:54:19.381  1471  4698 I dvm_lock_sample: [system_server,1,Binder:1471_C,848,ActivityManagerService.java,16015,int com.android.server.am.ActivityManagerService.bindIsolatedService(android.app.IApplicationThread, android.os.IBinder, android.content.Intent, java.lang.String, android.app.IServiceConnection, int, java.lang.String, java.lang.String, int),,0,null,lock <0x0bbcf52e> (a com.android.server.am.ActivityManagerService) held by thread 7442 (Binder:1471_1B),84]
2023-09-25 14:54:19.644  1471  7269 I dvm_lock_sample: [system_server,1,Binder:1471_16,835,ActivityManagerService.java,17570,int com.android.server.am.ActivityManagerService.broadcastIntentWithFeature(android.app.IApplicationThread, java.lang.String, android.content.Intent, java.lang.String, android.content.IIntentReceiver, int, java.lang.String, android.os.Bundle, java.lang.String[], int, android.os.Bundle, boolean, boolean, int),,0,null,lock <0x0bbcf52e> (a com.android.server.am.ActivityManagerService) held by thread 7442 (Binder:1471_1B),83]
2023-09-25 14:54:19.645  1471  7253 I dvm_lock_sample: [system_server,1,Binder:1471_13,819,ActivityManagerService.java,16015,int com.android.server.am.ActivityManagerService.bindIsolatedService(android.app.IApplicationThread, android.os.IBinder, android.content.Intent, java.lang.String, android.app.IServiceConnection, int, java.lang.String, java.lang.String, int),,0,null,lock <0x0bbcf52e> (a com.android.server.am.ActivityManagerService) held by thread 7442 (Binder:1471_1B),81]
2023-09-25 14:54:19.910  1471  2038 I dvm_lock_sample: [system_server,0,android.fg,2836,ActivityManagerService.java,17676,void com.android.server.am.ActivityManagerService.finishReceiver(android.os.IBinder, int, java.lang.String, android.os.Bundle, boolean, int),,0,null,lock <0x0bbcf52e> (a com.android.server.am.ActivityManagerService) held by thread 4361 (NetworkStats),100]
2023-09-25 14:54:20.400  1471  7442 I dvm_lock_sample: [system_server,0,Binder:1471_1B,1022,ActivityManagerService.java,17676,void com.android.server.am.ActivityManagerService.finishReceiver(android.os.IBinder, int, java.lang.String, android.os.Bundle, boolean, int),,0,null,lock <0x0bbcf52e> (a com.android.server.am.ActivityManagerService) held by thread 2030 (Binder:1471_2),100]
2023-09-25 14:54:21.693  1471  2884 I dvm_lock_sample: [system_server,0,SettingsRegistry,4613,ActivityManagerService.java,7168,java.lang.String com.android.server.am.ActivityManagerService.checkContentProviderAccess(java.lang.String, int),,0,null,lock <0x0bbcf52e> (a com.android.server.am.ActivityManagerService) held by thread 1471 (main),100]
2023-09-25 14:54:21.693  1471  1471 I dvm_lock_sample: [system_server,0,main,2313,ActivityManagerService.java,6611,boolean com.android.server.am.ActivityManagerService.isAppStartModeDisabled(int, java.lang.String),,0,null,lock <0x0bbcf52e> (a com.android.server.am.ActivityManagerService) held by thread 7273 (Binder:1471_1A),100]
2023-09-25 14:54:21.693  1471  7273 I dvm_lock_sample: [system_server,1,Binder:1471_1A,2312,ActivityManagerService.java,9159,int com.android.server.am.ActivityManagerService.getUidProcessState(int, java.lang.String),,0,null,lock <0x0bbcf52e> (a com.android.server.am.ActivityManagerService) held by thread 4698 (Binder:1471_C),100]
2023-09-25 14:54:21.696  1471  7272 I dvm_lock_sample: [system_server,1,Binder:1471_19,2308,ActivityManagerService.java,7168,java.lang.String com.android.server.am.ActivityManagerService.checkContentProviderAccess(java.lang.String, int),,0,null,lock <0x0bbcf52e> (a com.android.server.am.ActivityManagerService) held by thread 4698 (Binder:1471_C),100]
2023-09-25 14:54:21.696  1471  7250 I dvm_lock_sample: [system_server,1,Binder:1471_11,2285,ActivityManagerService.java,16365,android.content.Intent com.android.server.am.ActivityManagerService.registerReceiverWithFeature(android.app.IApplicationThread, java.lang.String, java.lang.String, android.content.IIntentReceiver, android.content.IntentFilter, java.lang.String, int, int),,0,null,lock <0x0bbcf52e> (a com.android.server.am.ActivityManagerService) held by thread 4698 (Binder:1471_C),100]
2023-09-25 14:54:21.697  1471  2041 I dvm_lock_sample: [system_server,1,android.display,2278,ActivityManagerService.java,20188,void com.android.server.am.ActivityManagerService$LocalService.updateBatteryStats(android.content.ComponentName, int, int, boolean),,0,null,lock <0x0bbcf52e> (a com.android.server.am.ActivityManagerService) held by thread 4698 (Binder:1471_C),100]
2023-09-25 14:54:21.698  1471  2048 I dvm_lock_sample: [system_server,0,android.bg,864,ActivityManagerService.java,2076,void com.android.server.am.ActivityManagerService$5.handleMessage(android.os.Message),,0,null,lock <0x0bbcf52e> (a com.android.server.am.ActivityManagerService) held by thread 7442 (Binder:1471_1B),86]
2023-09-25 14:54:21.704  1471  2039 I dvm_lock_sample: [system_server,1,android.ui,2325,ActivityManagerService.java,3579,void com.android.server.am.ActivityManagerService.dispatchUidsChanged(),,0,null,lock <0x0bbcf52e> (a com.android.server.am.ActivityManagerService) held by thread 1471 (main),100]
2023-09-25 14:54:22.458  1471  7250 I dvm_lock_sample: [system_server,1,Binder:1471_11,567,ActivityManagerService.java,15857,android.content.ComponentName com.android.server.am.ActivityManagerService.startService(android.app.IApplicationThread, android.content.Intent, java.lang.String, boolean, java.lang.String, java.lang.String, int),,0,null,lock <0x0bbcf52e> (a com.android.server.am.ActivityManagerService) held by thread 2041 (android.display),56]
2023-09-25 14:54:22.460  1471  1471 I dvm_lock_sample: [system_server,0,main,751,ActivityManagerService.java,6611,boolean com.android.server.am.ActivityManagerService.isAppStartModeDisabled(int, java.lang.String),,0,null,lock <0x0bbcf52e> (a com.android.server.am.ActivityManagerService) held by thread 2041 (android.display),75]
2023-09-25 14:54:22.461  1471  7270 I dvm_lock_sample: [system_server,1,Binder:1471_17,651,ActivityManagerService.java,17570,int com.android.server.am.ActivityManagerService.broadcastIntentWithFeature(android.app.IApplicationThread, java.lang.String, android.content.Intent, java.lang.String, android.content.IIntentReceiver, int, java.lang.String, android.os.Bundle, java.lang.String[], int, android.os.Bundle, boolean, boolean, int),,0,null,lock <0x0bbcf52e> (a com.android.server.am.ActivityManagerService) held by thread 2041 (android.display),65]
2023-09-25 14:54:22.464  1471  2039 I dvm_lock_sample: [system_server,1,android.ui,439,ActivityManagerService.java,3579,void com.android.server.am.ActivityManagerService.dispatchUidsChanged(),,0,null,lock <0x0bbcf52e> (a com.android.server.am.ActivityManagerService) held by thread 2041 (android.display),43]
2023-09-25 14:54:22.465  1471  5000 I dvm_lock_sample: [system_server,0,LMS.handlerthread,425,ActivityManagerService.java,9159,int com.android.server.am.ActivityManagerService.getUidProcessState(int, java.lang.String),,0,null,lock <0x0bbcf52e> (a com.android.server.am.ActivityManagerService) held by thread 2041 (android.display),42]
2023-09-25 14:54:23.419  1471  2884 I dvm_lock_sample: [system_server,0,SettingsRegistry,942,ActivityManagerService.java,7168,java.lang.String com.android.server.am.ActivityManagerService.checkContentProviderAccess(java.lang.String, int),-,19262,void com.android.server.am.ActivityManagerService.trimApplications(java.lang.String),lock <0x0bbcf52e> (a com.android.server.am.ActivityManagerService) held by thread 2041 (android.display),94]
2023-09-25 14:54:23.420  1471  2048 I dvm_lock_sample: [system_server,0,android.bg,1706,ActivityManagerService.java,2124,void com.android.server.am.ActivityManagerService$5.handleMessage(android.os.Message),-,19262,void com.android.server.am.ActivityManagerService.trimApplications(java.lang.String),lock <0x0bbcf52e> (a com.android.server.am.ActivityManagerService) held by thread 2041 (android.display),100]
2023-09-25 14:54:23.421  1471  2030 I dvm_lock_sample: [system_server,1,Binder:1471_2,909,ActivityManagerService.java,9171,void com.android.server.am.ActivityManagerService.registerUidObserver(android.app.IUidObserver, int, int, java.lang.String),-,19262,void com.android.server.am.ActivityManagerService.trimApplications(java.lang.String),lock <0x0bbcf52e> (a com.android.server.am.ActivityManagerService) held by thread 2041 (android.display),90]
2023-09-25 14:54:23.422  1471  1471 I dvm_lock_sample: [system_server,0,main,894,ActivityManagerService.java,17676,void com.android.server.am.ActivityManagerService.finishReceiver(android.os.IBinder, int, java.lang.String, android.os.Bundle, boolean, int),-,19262,void com.android.server.am.ActivityManagerService.trimApplications(java.lang.String),lock <0x0bbcf52e> (a com.android.server.am.ActivityManagerService) held by thread 2041 (android.display),89]
2023-09-25 14:54:23.882  1471  4698 I dvm_lock_sample: [system_server,1,Binder:1471_C,1234,ActivityManagerService.java,16015,int com.android.server.am.ActivityManagerService.bindIsolatedService(android.app.IApplicationThread, android.os.IBinder, android.content.Intent, java.lang.String, android.app.IServiceConnection, int, java.lang.String, java.lang.String, int),,0,null,lock <0x0bbcf52e> (a com.android.server.am.ActivityManagerService) held by thread 2041 (android.display),100]
2023-09-25 14:54:24.119  1471  4361 I dvm_lock_sample: [system_server,0,NetworkStats,1373,ActivityManagerService.java,17570,int com.android.server.am.ActivityManagerService.broadcastIntentWithFeature(android.app.IApplicationThread, java.lang.String, android.content.Intent, java.lang.String, android.content.IIntentReceiver, int, java.lang.String, android.os.Bundle, java.lang.String[], int, android.os.Bundle, boolean, boolean, int),,0,null,lock <0x0bbcf52e> (a com.android.server.am.ActivityManagerService) held by thread 2041 (android.display),100]
2023-09-25 14:54:24.121  1471  2039 I dvm_lock_sample: [system_server,1,android.ui,1153,ActivityManagerService.java,3473,void com.android.server.am.ActivityManagerService.dispatchProcessesChanged(),,0,null,lock <0x0bbcf52e> (a com.android.server.am.ActivityManagerService) held by thread 2041 (android.display),100]
2023-09-25 14:54:24.125  1471  2048 I dvm_lock_sample: [system_server,0,android.bg,681,ActivityManagerService.java,2158,void com.android.server.am.ActivityManagerService$5.handleMessage(android.os.Message),,0,null,lock <0x0bbcf52e> (a com.android.server.am.ActivityManagerService) held by thread 1471 (main),68]
2023-09-25 14:54:24.132  1471  7269 I dvm_lock_sample: [system_server,0,Binder:1471_16,222,ActivityManagerService.java,16028,boolean com.android.server.am.ActivityManagerService.unbindService(android.app.IServiceConnection),,0,null,lock <0x0bbcf52e> (a com.android.server.am.ActivityManagerService) held by thread 4698 (Binder:1471_C),22]
2023-09-25 14:54:24.676  1471  7270 I dvm_lock_sample: [system_server,1,Binder:1471_17,1763,ActivityManagerService.java,16015,int com.android.server.am.ActivityManagerService.bindIsolatedService(android.app.IApplicationThread, android.os.IBinder, android.content.Intent, java.lang.String, android.app.IServiceConnection, int, java.lang.String, java.lang.String, int),,0,null,lock <0x0bbcf52e> (a com.android.server.am.ActivityManagerService) held by thread 2041 (android.display),100]
2023-09-25 14:54:24.903  1471  2048 I dvm_lock_sample: [system_server,0,android.bg,775,ActivityManagerService.java,2124,void com.android.server.am.ActivityManagerService$5.handleMessage(android.os.Message),,0,null,lock <0x0bbcf52e> (a com.android.server.am.ActivityManagerService) held by thread 7273 (Binder:1471_1A),77]
2023-09-25 14:54:24.904  1471  7253 I dvm_lock_sample: [system_server,1,Binder:1471_13,1265,ActivityManagerService.java,9159,int com.android.server.am.ActivityManagerService.getUidProcessState(int, java.lang.String),,0,null,lock <0x0bbcf52e> (a com.android.server.am.ActivityManagerService) held by thread 1471 (main),100]
2023-09-25 14:54:24.905  1471  7273 I dvm_lock_sample: [system_server,1,Binder:1471_1A,766,ActivityManagerService.java,17570,int com.android.server.am.ActivityManagerService.broadcastIntentWithFeature(android.app.IApplicationThread, java.lang.String, android.content.Intent, java.lang.String, android.content.IIntentReceiver, int, java.lang.String, android.os.Bundle, java.lang.String[], int, android.os.Bundle, boolean, boolean, int),,0,null,lock <0x0bbcf52e> (a com.android.server.am.ActivityManagerService) held by thread 7269 (Binder:1471_16),76]
2023-09-25 14:54:24.907  1471  7442 I dvm_lock_sample: [system_server,0,Binder:1471_1B,762,ActivityManagerService.java,16059,void com.android.server.am.ActivityManagerService.serviceDoneExecuting(android.os.IBinder, int, int, int),,0,null,lock <0x0bbcf52e> (a com.android.server.am.ActivityManagerService) held by thread 7269 (Binder:1471_16),76]
2023-09-25 14:54:24.911  1471  2030 I dvm_lock_sample: [system_server,1,Binder:1471_2,1488,ActivityManagerService.java,16365,android.content.Intent com.android.server.am.ActivityManagerService.registerReceiverWithFeature(android.app.IApplicationThread, java.lang.String, java.lang.String, android.content.IIntentReceiver, android.content.IntentFilter, java.lang.String, int, int),,0,null,lock <0x0bbcf52e> (a com.android.server.am.ActivityManagerService) held by thread 1471 (main),100]
2023-09-25 14:54:24.944  1471  2040 I dvm_lock_sample: [system_server,0,android.io,19,ActivityManagerService.java,16015,int com.android.server.am.ActivityManagerService.bindIsolatedService(android.app.IApplicationThread, android.os.IBinder, android.content.Intent, java.lang.String, android.app.IServiceConnection, int, java.lang.String, java.lang.String, int),,0,null,lock <0x0bbcf52e> (a com.android.server.am.ActivityManagerService) held by thread 4698 (Binder:1471_C),1]
2023-09-25 14:54:24.975  1471  1471 I dvm_lock_sample: [system_server,0,main,778,ActivityManagerService.java,17676,void com.android.server.am.ActivityManagerService.finishReceiver(android.os.IBinder, int, java.lang.String, android.os.Bundle, boolean, int),,0,null,lock <0x0bbcf52e> (a com.android.server.am.ActivityManagerService) held by thread 7269 (Binder:1471_16),77]
2023-09-25 14:54:25.474  1471  2048 I dvm_lock_sample: [system_server,0,android.bg,490,ActivityManagerService.java,2158,void com.android.server.am.ActivityManagerService$5.handleMessage(android.os.Message),,0,null,lock <0x0bbcf52e> (a com.android.server.am.ActivityManagerService) held by thread 1471 (main),49]
2023-09-25 14:54:25.475  1471  4361 I dvm_lock_sample: [system_server,0,NetworkStats,452,ActivityManagerService.java,17570,int com.android.server.am.ActivityManagerService.broadcastIntentWithFeature(android.app.IApplicationThread, java.lang.String, android.content.Intent, java.lang.String, android.content.IIntentReceiver, int, java.lang.String, android.os.Bundle, java.lang.String[], int, android.os.Bundle, boolean, boolean, int),,0,null,lock <0x0bbcf52e> (a com.android.server.am.ActivityManagerService) held by thread 1471 (main),45]
2023-09-25 14:54:26.446  1471  2039 I dvm_lock_sample: [system_server,1,android.ui,919,ActivityManagerService.java,3579,void com.android.server.am.ActivityManagerService.dispatchUidsChanged(),,0,null,lock <0x0bbcf52e> (a com.android.server.am.ActivityManagerService) held by thread 7250 (Binder:1471_11),91]
2023-09-25 14:54:26.447  1471  7253 I dvm_lock_sample: [system_server,1,Binder:1471_13,919,ActivityManagerService.java,16536,void com.android.server.am.ActivityManagerService.unregisterReceiver(android.content.IIntentReceiver),,0,null,lock <0x0bbcf52e> (a com.android.server.am.ActivityManagerService) held by thread 7250 (Binder:1471_11),91]
2023-09-25 14:54:26.449  1471  2038 I dvm_lock_sample: [system_server,0,android.fg,284,ActivityManagerService.java,17570,int com.android.server.am.ActivityManagerService.broadcastIntentWithFeature(android.app.IApplicationThread, java.lang.String, android.content.Intent, java.lang.String, android.content.IIntentReceiver, int, java.lang.String, android.os.Bundle, java.lang.String[], int, android.os.Bundle, boolean, boolean, int),,0,null,lock <0x0bbcf52e> (a com.android.server.am.ActivityManagerService) held by thread 1471 (main),28]
2023-09-25 14:54:26.450  1471  2884 I dvm_lock_sample: [system_server,0,SettingsRegistry,444,ActivityManagerService.java,6367,int com.android.server.am.ActivityManagerService.getUidState(int),,0,null,lock <0x0bbcf52e> (a com.android.server.am.ActivityManagerService) held by thread 1471 (main),44]
2023-09-25 14:54:26.912  1471  2884 I dvm_lock_sample: [system_server,0,SettingsRegistry,439,ActivityManagerService.java,7168,java.lang.String com.android.server.am.ActivityManagerService.checkContentProviderAccess(java.lang.String, int),-,16029,boolean com.android.server.am.ActivityManagerService.unbindService(android.app.IServiceConnection),lock <0x0bbcf52e> (a com.android.server.am.ActivityManagerService) held by thread 4698 (Binder:1471_C),43]
2023-09-25 14:54:27.352  1471  2039 I dvm_lock_sample: [system_server,1,android.ui,441,ActivityManagerService.java,3473,void com.android.server.am.ActivityManagerService.dispatchProcessesChanged(),,0,null,lock <0x0bbcf52e> (a com.android.server.am.ActivityManagerService) held by thread 4698 (Binder:1471_C),44]
2023-09-25 14:54:27.353  1471  2884 I dvm_lock_sample: [system_server,0,SettingsRegistry,439,ActivityManagerService.java,6367,int com.android.server.am.ActivityManagerService.getUidState(int),-,17694,void com.android.server.am.ActivityManagerService.finishReceiver(android.os.IBinder, int, java.lang.String, android.os.Bundle, boolean, int),lock <0x0bbcf52e> (a com.android.server.am.ActivityManagerService) held by thread 7273 (Binder:1471_1A),43]
