2023-09-25 14:54:27.580  1471  2884 I dvm_lock_sample: [system_server,0,SettingsRegistry,224,ActivityManagerService.java,7168,java.lang.String com.android.server.am.ActivityManagerService.checkContentProviderAccess(java.lang.String, int),,0,null,lock <0x0bbcf52e> (a com.android.server.am.ActivityManagerService) held by thread 7273 (Binder:1471_1A),22]
2023-09-25 14:54:27.582  1471 12088 I dvm_lock_sample: [system_server,1,Binder:1471_21,655,ActivityManagerService.java,16015,int com.android.server.am.ActivityManagerService.bindIsolatedService(android.app.IApplicationThread, android.os.IBinder, android.content.Intent, java.lang.String, android.app.IServiceConnection, int, java.lang.String, java.lang.String, int),,0,null,lock <0x0bbcf52e> (a com.android.server.am.ActivityManagerService) held by thread 7273 (Binder:1471_1A),65]
2023-09-25 14:54:28.024  1471  7442 I dvm_lock_sample: [system_server,1,Binder:1471_1B,438,ActivityManagerService.java,16536,void com.android.server.am.ActivityManagerService.unregisterReceiver(android.content.IIntentReceiver),,0,null,lock <0x0bbcf52e> (a com.android.server.am.ActivityManagerService) held by thread 4361 (NetworkStats),43]
2023-09-25 14:54:28.024  1471  7250 I dvm_lock_sample: [system_server,1,Binder:1471_11,665,ActivityManagerService.java,9159,int com.android.server.am.ActivityManagerService.getUidProcessState(int, java.lang.String),,0,null,lock <0x0bbcf52e> (a com.android.server.am.ActivityManagerService) held by thread 7442 (Binder:1471_1B),66]
2023-09-25 14:54:28.025  1471  2049 I dvm_lock_sample: [system_server,1,ActivityManager,437,BroadcastQueue.java,949,void com.android.server.am.BroadcastQueue.processNextBroadcast(boolean),ActivityManagerService.java,17694,void com.android.server.am.ActivityManagerService.finishReceiver(android.os.IBinder, int, java.lang.String, android.os.Bundle, boolean, int),lock <0x0bbcf52e> (a com.android.server.am.ActivityManagerService) held by thread 5000 (LMS.handlerthread),43]
2023-09-25 14:54:28.028  1471  1471 I dvm_lock_sample: [system_server,0,main,440,ActivityManagerService.java,10889,int com.android.server.am.ActivityManagerService.getMemoryTrimLevel(),-,17694,void com.android.server.am.ActivityManagerService.finishReceiver(android.os.IBinder, int, java.lang.String, android.os.Bundle, boolean, int),lock <0x0bbcf52e> (a com.android.server.am.ActivityManagerService) held by thread 5000 (LMS.handlerthread),44]
2023-09-25 14:54:28.030  1471  7868 I dvm_lock_sample: [system_server,1,Binder:1471_20,126,ActivityManagerService.java,16015,int com.android.server.am.ActivityManagerService.bindIsolatedService(android.app.IApplicationThread, android.os.IBinder, android.content.Intent, java.lang.String, android.app.IServiceConnection, int, java.lang.String, java.lang.String, int),-,17694,void com.android.server.am.ActivityManagerService.finishReceiver(android.os.IBinder, int, java.lang.String, android.os.Bundle, boolean, int),lock <0x0bbcf52e> (a com.android.server.am.ActivityManagerService) held by thread 5000 (LMS.handlerthread),12]
2023-09-25 14:54:28.272  1471 12088 I dvm_lock_sample: [system_server,0,Binder:1471_21,684,ActivityManagerService.java,16059,void com.android.server.am.ActivityManagerService.serviceDoneExecuting(android.os.IBinder, int, int, int),,0,null,lock <0x0bbcf52e> (a com.android.server.am.ActivityManagerService) held by thread 5000 (LMS.handlerthread),68]
2023-09-25 14:54:28.273  1471  5000 I dvm_lock_sample: [system_server,0,LMS.handlerthread,228,ActivityManagerService.java,9159,int com.android.server.am.ActivityManagerService.getUidProcessState(int, java.lang.String),-,16016,int com.android.server.am.ActivityManagerService.bindIsolatedService(android.app.IApplicationThread, android.os.IBinder, android.content.Intent, java.lang.String, android.app.IServiceConnection, int, java.lang.String, java.lang.String, int),lock <0x0bbcf52e> (a com.android.server.am.ActivityManagerService) held by thread 7868 (Binder:1471_20),22]
2023-09-25 14:54:28.274  1471  7267 I dvm_lock_sample: [system_server,0,Binder:1471_14,214,ActivityManagerService.java,1672,void com.android.server.am.ActivityManagerService$AppDeathRecipient.binderDied(),-,16016,int com.android.server.am.ActivityManagerService.bindIsolatedService(android.app.IApplicationThread, android.os.IBinder, android.content.Intent, java.lang.String, android.app.IServiceConnection, int, java.lang.String, java.lang.String, int),lock <0x0bbcf52e> (a com.android.server.am.ActivityManagerService) held by thread 7868 (Binder:1471_20),21]
2023-09-25 14:54:28.732  1471  2943 I dvm_lock_sample: [system_server,1,Binder:1471_5,655,ActivityManagerService.java,1672,void com.android.server.am.ActivityManagerService$AppDeathRecipient.binderDied(),,0,null,lock <0x0bbcf52e> (a com.android.server.am.ActivityManagerService) held by thread 7868 (Binder:1471_20),65]
2023-09-25 14:54:29.194  1471  7253 I dvm_lock_sample: [system_server,0,Binder:1471_13,1155,ActivityManagerService.java,16028,boolean com.android.server.am.ActivityManagerService.unbindService(android.app.IServiceConnection),,0,null,lock <0x0bbcf52e> (a com.android.server.am.ActivityManagerService) held by thread 7868 (Binder:1471_20),100]
2023-09-25 14:54:30.079  1471  2038 I dvm_lock_sample: [system_server,0,android.fg,987,ActivityManagerService.java,19594,void com.android.server.am.ActivityManagerService.monitor(),,0,null,lock <0x0bbcf52e> (a com.android.server.am.ActivityManagerService) held by thread 2943 (Binder:1471_5),98]
2023-09-25 14:54:30.079  1471  4361 I dvm_lock_sample: [system_server,0,NetworkStats,604,ActivityManagerService.java,17570,int com.android.server.am.ActivityManagerService.broadcastIntentWithFeature(android.app.IApplicationThread, java.lang.String, android.content.Intent, java.lang.String, android.content.IIntentReceiver, int, java.lang.String, android.os.Bundle, java.lang.String[], int, android.os.Bundle, boolean, boolean, int),,0,null,lock <0x0bbcf52e> (a com.android.server.am.ActivityManagerService) held by thread 7253 (Binder:1471_13),60]
2023-09-25 14:54:30.080  1471  5000 I dvm_lock_sample: [system_server,0,LMS.handlerthread,1806,ActivityManagerService.java,17570,int com.android.server.am.ActivityManagerService.broadcastIntentWithFeature(android.app.IApplicationThread, java.lang.String, android.content.Intent, java.lang.String, android.content.IIntentReceiver, int, java.lang.String, android.os.Bundle, java.lang.String[], int, android.os.Bundle, boolean, boolean, int),,0,null,lock <0x0bbcf52e> (a com.android.server.am.ActivityManagerService) held by thread 7267 (Binder:1471_14),100]
2023-09-25 14:54:30.083  1471  7253 I dvm_lock_sample: [system_server,1,Binder:1471_13,426,ActivityManagerService.java,16015,int com.android.server.am.ActivityManagerService.bindIsolatedService(android.app.IApplicationThread, android.os.IBinder, android.content.Intent, java.lang.String, android.app.IServiceConnection, int, java.lang.String, java.lang.String, int),-,17694,void com.android.server.am.ActivityManagerService.finishReceiver(android.os.IBinder, int, java.lang.String, android.os.Bundle, boolean, int),lock <0x0bbcf52e> (a com.android.server.am.ActivityManagerService) held by thread 7868 (Binder:1471_20),42]
2023-09-25 14:54:30.084  1471  2039 I dvm_lock_sample: [system_server,1,android.ui,1805,ActivityManagerService.java,3579,void com.android.server.am.ActivityManagerService.dispatchUidsChanged(),,0,null,lock <0x0bbcf52e> (a com.android.server.am.ActivityManagerService) held by thread 7267 (Binder:1471_14),100]
2023-09-25 14:54:30.632  1471  7253 I dvm_lock_sample: [system_server,1,Binder:1471_13,544,ActivityManagerService.java,16039,void com.android.server.am.ActivityManagerService.publishService(android.os.IBinder, android.content.Intent, android.os.IBinder),-,17694,void com.android.server.am.ActivityManagerService.finishReceiver(android.os.IBinder, int, java.lang.String, android.os.Bundle, boolean, int),lock <0x0bbcf52e> (a com.android.server.am.ActivityManagerService) held by thread 7868 (Binder:1471_20),54]
2023-09-25 14:54:30.632  1471  2943 I dvm_lock_sample: [system_server,1,Binder:1471_5,537,ActivityManagerService.java,9190,boolean com.android.server.am.ActivityManagerService.isUidActive(int, java.lang.String),-,17694,void com.android.server.am.ActivityManagerService.finishReceiver(android.os.IBinder, int, java.lang.String, android.os.Bundle, boolean, int),lock <0x0bbcf52e> (a com.android.server.am.ActivityManagerService) held by thread 7868 (Binder:1471_20),53]
2023-09-25 14:54:31.839  1471  2943 I dvm_lock_sample: [system_server,0,Binder:1471_5,927,ActivityManagerService.java,16028,boolean com.android.server.am.ActivityManagerService.unbindService(android.app.IServiceConnection),-,17694,void com.android.server.am.ActivityManagerService.finishReceiver(android.os.IBinder, int, java.lang.String, android.os.Bundle, boolean, int),lock <0x0bbcf52e> (a com.android.server.am.ActivityManagerService) held by thread 7868 (Binder:1471_20),92]
2023-09-25 14:54:32.269  1471  7442 I dvm_lock_sample: [system_server,0,Binder:1471_1B,1289,ActivityManagerService.java,17570,int com.android.server.am.ActivityManagerService.broadcastIntentWithFeature(android.app.IApplicationThread, java.lang.String, android.content.Intent, java.lang.String, android.content.IIntentReceiver, int, java.lang.String, android.os.Bundle, java.lang.String[], int, android.os.Bundle, boolean, boolean, int),-,17694,void com.android.server.am.ActivityManagerService.finishReceiver(android.os.IBinder, int, java.lang.String, android.os.Bundle, boolean, int),lock <0x0bbcf52e> (a com.android.server.am.ActivityManagerService) held by thread 7868 (Binder:1471_20),100]
2023-09-25 14:54:32.272  1471  7253 I dvm_lock_sample: [system_server,1,Binder:1471_13,1290,ActivityManagerService.java,8934,boolean com.android.server.am.ActivityManagerService.isUserAMonkey(),-,17694,void com.android.server.am.ActivityManagerService.finishReceiver(android.os.IBinder, int, java.lang.String, android.os.Bundle, boolean, int),lock <0x0bbcf52e> (a com.android.server.am.ActivityManagerService) held by thread 7868 (Binder:1471_20),100]
2023-09-25 14:54:32.273  1471  2030 I dvm_lock_sample: [system_server,1,Binder:1471_2,997,ActivityManagerService.java,16015,int com.android.server.am.ActivityManagerService.bindIsolatedService(android.app.IApplicationThread, android.os.IBinder, android.content.Intent, java.lang.String, android.app.IServiceConnection, int, java.lang.String, java.lang.String, int),-,17694,void com.android.server.am.ActivityManagerService.finishReceiver(android.os.IBinder, int, java.lang.String, android.os.Bundle, boolean, int),lock <0x0bbcf52e> (a com.android.server.am.ActivityManagerService) held by thread 7868 (Binder:1471_20),99]
2023-09-25 14:54:32.498  1471  2039 I dvm_lock_sample: [system_server,1,android.ui,1131,ActivityManagerService.java,3473,void com.android.server.am.ActivityManagerService.dispatchProcessesChanged(),,0,null,lock <0x0bbcf52e> (a com.android.server.am.ActivityManagerService) held by thread 7868 (Binder:1471_20),100]
2023-09-25 14:54:32.498  1471  4361 I dvm_lock_sample: [system_server,0,NetworkStats,1048,ActivityManagerService.java,17570,int com.android.server.am.ActivityManagerService.broadcastIntentWithFeature(android.app.IApplicationThread, java.lang.String, android.content.Intent, java.lang.String, android.content.IIntentReceiver, int, java.lang.String, android.os.Bundle, java.lang.String[], int, android.os.Bundle, boolean, boolean, int),,0,null,lock <0x0bbcf52e> (a com.android.server.am.ActivityManagerService) held by thread 7868 (Binder:1471_20),100]
2023-09-25 14:54:32.928  1471  7269 I dvm_lock_sample: [system_server,1,Binder:1471_16,1870,ActivityManagerService.java,17570,int com.android.server.am.ActivityManagerService.broadcastIntentWithFeature(android.app.IApplicationThread, java.lang.String, android.content.Intent, java.lang.String, android.content.IIntentReceiver, int, java.lang.String, android.os.Bundle, java.lang.String[], int, android.os.Bundle, boolean, boolean, int),,0,null,lock <0x0bbcf52e> (a com.android.server.am.ActivityManagerService) held by thread 7868 (Binder:1471_20),100]
2023-09-25 14:54:32.939  1471  2049 I dvm_lock_sample: [system_server,1,ActivityManager,660,ActiveServices.java,2441,void com.android.server.am.ActiveServices$ServiceRestarter.run(),,0,null,lock <0x0bbcf52e> (a com.android.server.am.ActivityManagerService) held by thread 2030 (Binder:1471_2),66]
2023-09-25 14:54:32.942  1471  2884 I dvm_lock_sample: [system_server,0,SettingsRegistry,2043,ActivityManagerService.java,6367,int com.android.server.am.ActivityManagerService.getUidState(int),,0,null,lock <0x0bbcf52e> (a com.android.server.am.ActivityManagerService) held by thread 7868 (Binder:1471_20),100]
2023-09-25 14:54:33.384  1471  2884 I dvm_lock_sample: [system_server,0,SettingsRegistry,439,ActivityManagerService.java,6367,int com.android.server.am.ActivityManagerService.getUidState(int),,0,null,lock <0x0bbcf52e> (a com.android.server.am.ActivityManagerService) held by thread 7868 (Binder:1471_20),43]
2023-09-25 14:54:33.391  1471  7269 I dvm_lock_sample: [system_server,1,Binder:1471_16,379,ActivityManagerService.java,5787,void com.android.server.am.ActivityManagerService.attachApplication(android.app.IApplicationThread, long),,0,null,lock <0x0bbcf52e> (a com.android.server.am.ActivityManagerService) held by thread 7868 (Binder:1471_20),37]
2023-09-25 14:54:34.750  1471  2943 I dvm_lock_sample: [system_server,1,Binder:1471_5,1332,ActivityManagerService.java,17570,int com.android.server.am.ActivityManagerService.broadcastIntentWithFeature(android.app.IApplicationThread, java.lang.String, android.content.Intent, java.lang.String, android.content.IIntentReceiver, int, java.lang.String, android.os.Bundle, java.lang.String[], int, android.os.Bundle, boolean, boolean, int),,0,null,lock <0x0bbcf52e> (a com.android.server.am.ActivityManagerService) held by thread 2884 (SettingsRegistry),100]
2023-09-25 14:54:34.751  1471  4700 I dvm_lock_sample: [system_server,0,Binder:1471_E,1344,ActivityManagerService.java,16028,boolean com.android.server.am.ActivityManagerService.unbindService(android.app.IServiceConnection),,0,null,lock <0x0bbcf52e> (a com.android.server.am.ActivityManagerService) held by thread 7269 (Binder:1471_16),100]
2023-09-25 14:54:35.207  1471  4363 I dvm_lock_sample: [system_server,1,NetworkPolicy.uid,1793,ActivityManagerService.java,20007,void com.android.server.am.ActivityManagerService$LocalService.notifyNetworkPolicyRulesUpdated(int, long),,0,null,lock <0x0bbcf52e> (a com.android.server.am.ActivityManagerService) held by thread 7868 (Binder:1471_20),100]
2023-09-25 14:54:35.208  1471  2884 I dvm_lock_sample: [system_server,0,SettingsRegistry,1788,ActivityManagerService.java,6367,int com.android.server.am.ActivityManagerService.getUidState(int),,0,null,lock <0x0bbcf52e> (a com.android.server.am.ActivityManagerService) held by thread 7868 (Binder:1471_20),100]
2023-09-25 14:54:35.210  1471  4361 I dvm_lock_sample: [system_server,0,NetworkStats,1775,ActivityManagerService.java,17570,int com.android.server.am.ActivityManagerService.broadcastIntentWithFeature(android.app.IApplicationThread, java.lang.String, android.content.Intent, java.lang.String, android.content.IIntentReceiver, int, java.lang.String, android.os.Bundle, java.lang.String[], int, android.os.Bundle, boolean, boolean, int),,0,null,lock <0x0bbcf52e> (a com.android.server.am.ActivityManagerService) held by thread 7868 (Binder:1471_20),100]
2023-09-25 14:54:35.213  1471  2049 I dvm_lock_sample: [system_server,1,ActivityManager,1776,ActiveServices.java,2441,void com.android.server.am.ActiveServices$ServiceRestarter.run(),,0,null,lock <0x0bbcf52e> (a com.android.server.am.ActivityManagerService) held by thread 7868 (Binder:1471_20),100]
2023-09-25 14:54:35.215  1471  7442 I dvm_lock_sample: [system_server,1,Binder:1471_1B,1711,ActivityManagerService.java,16365,android.content.Intent com.android.server.am.ActivityManagerService.registerReceiverWithFeature(android.app.IApplicationThread, java.lang.String, java.lang.String, android.content.IIntentReceiver, android.content.IntentFilter, java.lang.String, int, int),,0,null,lock <0x0bbcf52e> (a com.android.server.am.ActivityManagerService) held by thread 7868 (Binder:1471_20),100]
2023-09-25 14:54:35.216  1471  7273 I dvm_lock_sample: [system_server,1,Binder:1471_1A,1477,ActivityManagerService.java,17570,int com.android.server.am.ActivityManagerService.broadcastIntentWithFeature(android.app.IApplicationThread, java.lang.String, android.content.Intent, java.lang.String, android.content.IIntentReceiver, int, java.lang.String, android.os.Bundle, java.lang.String[], int, android.os.Bundle, boolean, boolean, int),,0,null,lock <0x0bbcf52e> (a com.android.server.am.ActivityManagerService) held by thread 7868 (Binder:1471_20),100]
2023-09-25 14:54:35.219  1471  2039 I dvm_lock_sample: [system_server,1,android.ui,1329,ActivityManagerService.java,3473,void com.android.server.am.ActivityManagerService.dispatchProcessesChanged(),,0,null,lock <0x0bbcf52e> (a com.android.server.am.ActivityManagerService) held by thread 7868 (Binder:1471_20),100]
2023-09-25 14:54:35.220  1471  2050 I dvm_lock_sample: [system_server,1,ActivityManager:procStart,2246,ProcessList.java,2071,void com.android.server.am.ProcessList.handleProcessStart(com.android.server.am.ProcessRecord, java.lang.String, int[], int, int, int, java.lang.String, java.lang.String, java.lang.String, long),,0,null,lock <0x0bbcf52e> (a com.android.server.am.ActivityManagerService) held by thread 7868 (Binder:1471_20),100]
2023-09-25 14:54:35.220  1471  7269 I dvm_lock_sample: [system_server,1,Binder:1471_16,1324,ActivityManagerService.java,16015,int com.android.server.am.ActivityManagerService.bindIsolatedService(android.app.IApplicationThread, android.os.IBinder, android.content.Intent, java.lang.String, android.app.IServiceConnection, int, java.lang.String, java.lang.String, int),,0,null,lock <0x0bbcf52e> (a com.android.server.am.ActivityManagerService) held by thread 7868 (Binder:1471_20),100]
2023-09-25 14:54:35.449  1471  2943 I dvm_lock_sample: [system_server,0,Binder:1471_5,691,ActivityManagerService.java,16059,void com.android.server.am.ActivityManagerService.serviceDoneExecuting(android.os.IBinder, int, int, int),,0,null,lock <0x0bbcf52e> (a com.android.server.am.ActivityManagerService) held by thread 4700 (Binder:1471_E),69]
2023-09-25 14:54:35.452  1471  5000 I dvm_lock_sample: [system_server,0,LMS.handlerthread,692,ActivityManagerService.java,9159,int com.android.server.am.ActivityManagerService.getUidProcessState(int, java.lang.String),,0,null,lock <0x0bbcf52e> (a com.android.server.am.ActivityManagerService) held by thread 4700 (Binder:1471_E),69]
2023-09-25 14:54:35.743  1471  2884 I dvm_lock_sample: [system_server,0,SettingsRegistry,227,ActivityManagerService.java,6367,int com.android.server.am.ActivityManagerService.getUidState(int),-,16016,int com.android.server.am.ActivityManagerService.bindIsolatedService(android.app.IApplicationThread, android.os.IBinder, android.content.Intent, java.lang.String, android.app.IServiceConnection, int, java.lang.String, java.lang.String, int),lock <0x0bbcf52e> (a com.android.server.am.ActivityManagerService) held by thread 7267 (Binder:1471_14),22]
2023-09-25 14:54:35.744  1471  7269 I dvm_lock_sample: [system_server,1,Binder:1471_16,194,ActivityManagerService.java,16039,void com.android.server.am.ActivityManagerService.publishService(android.os.IBinder, android.content.Intent, android.os.IBinder),,0,null,lock <0x0bbcf52e> (a com.android.server.am.ActivityManagerService) held by thread 7267 (Binder:1471_14),19]
2023-09-25 14:54:43.684  1471  7250 I dvm_lock_sample: [system_server,1,Binder:1471_11,461,ActivityManagerService.java,17570,int com.android.server.am.ActivityManagerService.broadcastIntentWithFeature(android.app.IApplicationThread, java.lang.String, android.content.Intent, java.lang.String, android.content.IIntentReceiver, int, java.lang.String, android.os.Bundle, java.lang.String[], int, android.os.Bundle, boolean, boolean, int),-,3249,void com.android.server.am.ActivityManagerService.notifyPackageUse(java.lang.String, int),lock <0x0bbcf52e> (a com.android.server.am.ActivityManagerService) held by thread 2049 (ActivityManager),46]
2023-09-25 14:54:43.687  1471  7267 I dvm_lock_sample: [system_server,1,Binder:1471_14,426,ActivityManagerService.java,9159,int com.android.server.am.ActivityManagerService.getUidProcessState(int, java.lang.String),,0,null,lock <0x0bbcf52e> (a com.android.server.am.ActivityManagerService) held by thread 2049 (ActivityManager),42]
2023-09-25 14:54:43.690  1471  7253 I dvm_lock_sample: [system_server,1,Binder:1471_13,427,ActivityManagerService.java,8934,boolean com.android.server.am.ActivityManagerService.isUserAMonkey(),,0,null,lock <0x0bbcf52e> (a com.android.server.am.ActivityManagerService) held by thread 2049 (ActivityManager),42]
2023-09-25 14:54:43.692  1471  2884 I dvm_lock_sample: [system_server,0,SettingsRegistry,399,ActivityManagerService.java,7168,java.lang.String com.android.server.am.ActivityManagerService.checkContentProviderAccess(java.lang.String, int),,0,null,lock <0x0bbcf52e> (a com.android.server.am.ActivityManagerService) held by thread 2049 (ActivityManager),39]
2023-09-25 14:54:43.693  1471  7868 I dvm_lock_sample: [system_server,1,Binder:1471_20,391,ActivityManagerService.java,17570,int com.android.server.am.ActivityManagerService.broadcastIntentWithFeature(android.app.IApplicationThread, java.lang.String, android.content.Intent, java.lang.String, android.content.IIntentReceiver, int, java.lang.String, android.os.Bundle, java.lang.String[], int, android.os.Bundle, boolean, boolean, int),,0,null,lock <0x0bbcf52e> (a com.android.server.am.ActivityManagerService) held by thread 2049 (ActivityManager),39]
2023-09-25 14:54:43.695  1471  2030 I dvm_lock_sample: [system_server,1,Binder:1471_2,416,ActivityManagerService.java,17570,int com.android.server.am.ActivityManagerService.broadcastIntentWithFeature(android.app.IApplicationThread, java.lang.String, android.content.Intent, java.lang.String, android.content.IIntentReceiver, int, java.lang.String, android.os.Bundle, java.lang.String[], int, android.os.Bundle, boolean, boolean, int),,0,null,lock <0x0bbcf52e> (a com.android.server.am.ActivityManagerService) held by thread 2049 (ActivityManager),41]
2023-09-25 14:54:44.249  1471  2884 I dvm_lock_sample: [system_server,0,SettingsRegistry,544,ActivityManagerService.java,20071,boolean com.android.server.am.ActivityManagerService$LocalService.isUidActive(int),,0,null,lock <0x0bbcf52e> (a com.android.server.am.ActivityManagerService) held by thread 2030 (Binder:1471_2),54]
2023-09-25 14:54:44.250  1471  1471 I dvm_lock_sample: [system_server,0,main,543,ActivityManagerService.java,10889,int com.android.server.am.ActivityManagerService.getMemoryTrimLevel(),-,17694,void com.android.server.am.ActivityManagerService.finishReceiver(android.os.IBinder, int, java.lang.String, android.os.Bundle, boolean, int),lock <0x0bbcf52e> (a com.android.server.am.ActivityManagerService) held by thread 7273 (Binder:1471_1A),54]
2023-09-25 14:54:44.250  1471  7868 I dvm_lock_sample: [system_server,1,Binder:1471_20,548,ActivityManagerService.java,17570,int com.android.server.am.ActivityManagerService.broadcastIntentWithFeature(android.app.IApplicationThread, java.lang.String, android.content.Intent, java.lang.String, android.content.IIntentReceiver, int, java.lang.String, android.os.Bundle, java.lang.String[], int, android.os.Bundle, boolean, boolean, int),,0,null,lock <0x0bbcf52e> (a com.android.server.am.ActivityManagerService) held by thread 2884 (SettingsRegistry),54]
2023-09-25 14:54:44.252  1471  2049 I dvm_lock_sample: [system_server,1,ActivityManager,531,BroadcastQueue.java,949,void com.android.server.am.BroadcastQueue.processNextBroadcast(boolean),,0,null,lock <0x0bbcf52e> (a com.android.server.am.ActivityManagerService) held by thread 7273 (Binder:1471_1A),53]
2023-09-25 14:54:44.252  1471  7270 I dvm_lock_sample: [system_server,1,Binder:1471_17,531,ActivityManagerService.java,7168,java.lang.String com.android.server.am.ActivityManagerService.checkContentProviderAccess(java.lang.String, int),,0,null,lock <0x0bbcf52e> (a com.android.server.am.ActivityManagerService) held by thread 7273 (Binder:1471_1A),53]
2023-09-25 14:54:45.116  1471  7250 I dvm_lock_sample: [system_server,1,Binder:1471_11,862,ActivityManagerService.java,17570,int com.android.server.am.ActivityManagerService.broadcastIntentWithFeature(android.app.IApplicationThread, java.lang.String, android.content.Intent, java.lang.String, android.content.IIntentReceiver, int, java.lang.String, android.os.Bundle, java.lang.String[], int, android.os.Bundle, boolean, boolean, int),,0,null,lock <0x0bbcf52e> (a com.android.server.am.ActivityManagerService) held by thread 2030 (Binder:1471_2),86]
2023-09-25 14:54:45.117  1471  2039 I dvm_lock_sample: [system_server,1,android.ui,862,ActivityManagerService.java,3513,void com.android.server.am.ActivityManagerService.dispatchProcessesChanged(),-,17694,void com.android.server.am.ActivityManagerService.finishReceiver(android.os.IBinder, int, java.lang.String, android.os.Bundle, boolean, int),lock <0x0bbcf52e> (a com.android.server.am.ActivityManagerService) held by thread 7273 (Binder:1471_1A),86]
2023-09-25 14:54:45.117  1471  2030 I dvm_lock_sample: [system_server,1,Binder:1471_2,858,ActivityManagerService.java,7393,android.app.ContentProviderHolder com.android.server.am.ActivityManagerService.getContentProviderImpl(android.app.IApplicationThread, java.lang.String, android.os.IBinder, int, java.lang.String, java.lang.String, boolean, int),-,17694,void com.android.server.am.ActivityManagerService.finishReceiver(android.os.IBinder, int, java.lang.String, android.os.Bundle, boolean, int),lock <0x0bbcf52e> (a com.android.server.am.ActivityManagerService) held by thread 7273 (Binder:1471_1A),85]
2023-09-25 14:54:45.119  1471  2038 I dvm_lock_sample: [system_server,0,android.fg,845,ActivityManagerService.java,17570,int com.android.server.am.ActivityManagerService.broadcastIntentWithFeature(android.app.IApplicationThread, java.lang.String, android.content.Intent, java.lang.String, android.content.IIntentReceiver, int, java.lang.String, android.os.Bundle, java.lang.String[], int, android.os.Bundle, boolean, boolean, int),,0,null,lock <0x0bbcf52e> (a com.android.server.am.ActivityManagerService) held by thread 7273 (Binder:1471_1A),84]
2023-09-25 14:54:45.119  1471  2049 I dvm_lock_sample: [system_server,1,ActivityManager,820,BroadcastQueue.java,949,void com.android.server.am.BroadcastQueue.processNextBroadcast(boolean),,0,null,lock <0x0bbcf52e> (a com.android.server.am.ActivityManagerService) held by thread 7273 (Binder:1471_1A),82]
2023-09-25 14:54:45.120  1471  7442 I dvm_lock_sample: [system_server,1,Binder:1471_1B,198,ActivityManagerService.java,16015,int com.android.server.am.ActivityManagerService.bindIsolatedService(android.app.IApplicationThread, android.os.IBinder, android.content.Intent, java.lang.String, android.app.IServiceConnection, int, java.lang.String, java.lang.String, int),,0,null,lock <0x0bbcf52e> (a com.android.server.am.ActivityManagerService) held by thread 7273 (Binder:1471_1A),19]
2023-09-25 14:54:45.570  1471  2884 I dvm_lock_sample: [system_server,0,SettingsRegistry,224,ActivityManagerService.java,6367,int com.android.server.am.ActivityManagerService.getUidState(int),,0,null,lock <0x0bbcf52e> (a com.android.server.am.ActivityManagerService) held by thread 7250 (Binder:1471_11),22]
2023-09-25 14:54:45.570  1471  7270 I dvm_lock_sample: [system_server,1,Binder:1471_17,439,ActivityManagerService.java,7168,java.lang.String com.android.server.am.ActivityManagerService.checkContentProviderAccess(java.lang.String, int),,0,null,lock <0x0bbcf52e> (a com.android.server.am.ActivityManagerService) held by thread 7442 (Binder:1471_1B),43]
2023-09-25 14:54:52.118  1471  2049 I dvm_lock_sample: [system_server,1,ActivityManager,242,BroadcastQueue.java,949,void com.android.server.am.BroadcastQueue.processNextBroadcast(boolean),ActivityManagerService.java,16016,int com.android.server.am.ActivityManagerService.bindIsolatedService(android.app.IApplicationThread, android.os.IBinder, android.content.Intent, java.lang.String, android.app.IServiceConnection, int, java.lang.String, java.lang.String, int),lock <0x0bbcf52e> (a com.android.server.am.ActivityManagerService) held by thread 7868 (Binder:1471_20),24]
2023-09-25 14:54:58.552  1471  4361 I dvm_lock_sample: [system_server,0,NetworkStats,135,ActivityManagerService.java,17570,int com.android.server.am.ActivityManagerService.broadcastIntentWithFeature(android.app.IApplicationThread, java.lang.String, android.content.Intent, java.lang.String, android.content.IIntentReceiver, int, java.lang.String, android.os.Bundle, java.lang.String[], int, android.os.Bundle, boolean, boolean, int),-,16016,int com.android.server.am.ActivityManagerService.bindIsolatedService(android.app.IApplicationThread, android.os.IBinder, android.content.Intent, java.lang.String, android.app.IServiceConnection, int, java.lang.String, java.lang.String, int),lock <0x0bbcf52e> (a com.android.server.am.ActivityManagerService) held by thread 7267 (Binder:1471_14),13]
2023-09-25 14:55:14.741  1471  2884 I dvm_lock_sample: [system_server,0,SettingsRegistry,239,ActivityManagerService.java,6367,int com.android.server.am.ActivityManagerService.getUidState(int),-,16016,int com.android.server.am.ActivityManagerService.bindIsolatedService(android.app.IApplicationThread, android.os.IBinder, android.content.Intent, java.lang.String, android.app.IServiceConnection, int, java.lang.String, java.lang.String, int),lock <0x0bbcf52e> (a com.android.server.am.ActivityManagerService) held by thread 7253 (Binder:1471_13),23]
2023-09-25 14:55:40.786  1471  7442 I dvm_lock_sample: [system_server,1,Binder:1471_1B,694,ActivityManagerService.java,16365,android.content.Intent com.android.server.am.ActivityManagerService.registerReceiverWithFeature(android.app.IApplicationThread, java.lang.String, java.lang.String, android.content.IIntentReceiver, android.content.IntentFilter, java.lang.String, int, int),-,19262,void com.android.server.am.ActivityManagerService.trimApplications(java.lang.String),lock <0x0bbcf52e> (a com.android.server.am.ActivityManagerService) held by thread 2041 (android.display),69]
2023-09-25 14:55:41.018  1471  7267 I dvm_lock_sample: [system_server,1,Binder:1471_14,766,ActivityManagerService.java,17570,int com.android.server.am.ActivityManagerService.broadcastIntentWithFeature(android.app.IApplicationThread, java.lang.String, android.content.Intent, java.lang.String, android.content.IIntentReceiver, int, java.lang.String, android.os.Bundle, java.lang.String[], int, android.os.Bundle, boolean, boolean, int),,0,null,lock <0x0bbcf52e> (a com.android.server.am.ActivityManagerService) held by thread 2041 (android.display),76]
2023-09-25 14:55:41.018  1471  7253 I dvm_lock_sample: [system_server,1,Binder:1471_13,663,ActivityManagerService.java,7168,java.lang.String com.android.server.am.ActivityManagerService.checkContentProviderAccess(java.lang.String, int),,0,null,lock <0x0bbcf52e> (a com.android.server.am.ActivityManagerService) held by thread 2041 (android.display),66]
2023-09-25 14:55:41.019  1471  7273 I dvm_lock_sample: [system_server,1,Binder:1471_1A,583,ActivityManagerService.java,16015,int com.android.server.am.ActivityManagerService.bindIsolatedService(android.app.IApplicationThread, android.os.IBinder, android.content.Intent, java.lang.String, android.app.IServiceConnection, int, java.lang.String, java.lang.String, int),,0,null,lock <0x0bbcf52e> (a com.android.server.am.ActivityManagerService) held by thread 2041 (android.display),58]
2023-09-25 14:55:41.241  1471  7868 I dvm_lock_sample: [system_server,1,Binder:1471_20,790,ActivityManagerService.java,17570,int com.android.server.am.ActivityManagerService.broadcastIntentWithFeature(android.app.IApplicationThread, java.lang.String, android.content.Intent, java.lang.String, android.content.IIntentReceiver, int, java.lang.String, android.os.Bundle, java.lang.String[], int, android.os.Bundle, boolean, boolean, int),,0,null,lock <0x0bbcf52e> (a com.android.server.am.ActivityManagerService) held by thread 2041 (android.display),79]
2023-09-25 14:55:41.246  1471  2039 I dvm_lock_sample: [system_server,1,android.ui,464,ActivityManagerService.java,3473,void com.android.server.am.ActivityManagerService.dispatchProcessesChanged(),,0,null,lock <0x0bbcf52e> (a com.android.server.am.ActivityManagerService) held by thread 2041 (android.display),46]
2023-09-25 14:55:41.256  1471  2884 I dvm_lock_sample: [system_server,0,SettingsRegistry,1115,ActivityManagerService.java,7168,java.lang.String com.android.server.am.ActivityManagerService.checkContentProviderAccess(java.lang.String, int),,0,null,lock <0x0bbcf52e> (a com.android.server.am.ActivityManagerService) held by thread 2041 (android.display),100]
2023-09-25 14:55:41.730  1471  1471 I dvm_lock_sample: [system_server,0,main,470,ActivityManagerService.java,10889,int com.android.server.am.ActivityManagerService.getMemoryTrimLevel(),,0,null,lock <0x0bbcf52e> (a com.android.server.am.ActivityManagerService) held by thread 7253 (Binder:1471_13),47]
2023-09-25 14:55:42.460  1471  7868 I dvm_lock_sample: [system_server,1,Binder:1471_20,1198,ActivityManagerService.java,8934,boolean com.android.server.am.ActivityManagerService.isUserAMonkey(),-,19262,void com.android.server.am.ActivityManagerService.trimApplications(java.lang.String),lock <0x0bbcf52e> (a com.android.server.am.ActivityManagerService) held by thread 2041 (android.display),100]
2023-09-25 14:55:42.461  1471  7267 I dvm_lock_sample: [system_server,1,Binder:1471_14,1167,ActivityManagerService.java,8934,boolean com.android.server.am.ActivityManagerService.isUserAMonkey(),-,19262,void com.android.server.am.ActivityManagerService.trimApplications(java.lang.String),lock <0x0bbcf52e> (a com.android.server.am.ActivityManagerService) held by thread 2041 (android.display),100]
2023-09-25 14:55:42.462  1471  2048 I dvm_lock_sample: [system_server,0,android.bg,1167,ActivityManagerService.java,2124,void com.android.server.am.ActivityManagerService$5.handleMessage(android.os.Message),-,19262,void com.android.server.am.ActivityManagerService.trimApplications(java.lang.String),lock <0x0bbcf52e> (a com.android.server.am.ActivityManagerService) held by thread 2041 (android.display),100]
2023-09-25 14:55:42.467  1471  7250 I dvm_lock_sample: [system_server,1,Binder:1471_11,1161,ActivityManagerService.java,8934,boolean com.android.server.am.ActivityManagerService.isUserAMonkey(),,0,null,lock <0x0bbcf52e> (a com.android.server.am.ActivityManagerService) held by thread 2041 (android.display),100]
2023-09-25 14:55:42.468  1471  2884 I dvm_lock_sample: [system_server,0,SettingsRegistry,1208,ActivityManagerService.java,6367,int com.android.server.am.ActivityManagerService.getUidState(int),,0,null,lock <0x0bbcf52e> (a com.android.server.am.ActivityManagerService) held by thread 7253 (Binder:1471_13),100]
2023-09-25 14:55:42.470  1471  4361 I dvm_lock_sample: [system_server,0,NetworkStats,1371,ActivityManagerService.java,17570,int com.android.server.am.ActivityManagerService.broadcastIntentWithFeature(android.app.IApplicationThread, java.lang.String, android.content.Intent, java.lang.String, android.content.IIntentReceiver, int, java.lang.String, android.os.Bundle, java.lang.String[], int, android.os.Bundle, boolean, boolean, int),,0,null,lock <0x0bbcf52e> (a com.android.server.am.ActivityManagerService) held by thread 7273 (Binder:1471_1A),100]
2023-09-25 14:55:42.470  1471  2039 I dvm_lock_sample: [system_server,1,android.ui,415,ActivityManagerService.java,3473,void com.android.server.am.ActivityManagerService.dispatchProcessesChanged(),,0,null,lock <0x0bbcf52e> (a com.android.server.am.ActivityManagerService) held by thread 2041 (android.display),41]
2023-09-25 14:55:42.471  1471  7253 I dvm_lock_sample: [system_server,1,Binder:1471_13,1209,ActivityManagerService.java,6367,int com.android.server.am.ActivityManagerService.getUidState(int),,0,null,lock <0x0bbcf52e> (a com.android.server.am.ActivityManagerService) held by thread 2041 (android.display),100]
2023-09-25 14:55:50.715  1471  2041 I dvm_lock_sample: [system_server,1,android.display,428,ActivityManagerService.java,19260,void com.android.server.am.ActivityManagerService.trimApplications(java.lang.String),-,19262,void com.android.server.am.ActivityManagerService.trimApplications(java.lang.String),lock <0x0bbcf52e> (a com.android.server.am.ActivityManagerService) held by thread 7273 (Binder:1471_1A),42]
2023-09-25 14:55:51.121  1471  2049 I dvm_lock_sample: [system_server,1,ActivityManager,834,ActiveServices.java,1128,void com.android.server.am.ActiveServices.updateForegroundApps(com.android.server.am.ActiveServices$ServiceMap),,0,null,lock <0x0bbcf52e> (a com.android.server.am.ActivityManagerService) held by thread 7273 (Binder:1471_1A),83]
2023-09-25 14:55:51.348  1471  2884 I dvm_lock_sample: [system_server,0,SettingsRegistry,816,ActivityManagerService.java,7168,java.lang.String com.android.server.am.ActivityManagerService.checkContentProviderAccess(java.lang.String, int),,0,null,lock <0x0bbcf52e> (a com.android.server.am.ActivityManagerService) held by thread 7273 (Binder:1471_1A),81]
2023-09-25 14:55:51.565  1471  4361 I dvm_lock_sample: [system_server,0,NetworkStats,838,ActivityManagerService.java,17570,int com.android.server.am.ActivityManagerService.broadcastIntentWithFeature(android.app.IApplicationThread, java.lang.String, android.content.Intent, java.lang.String, android.content.IIntentReceiver, int, java.lang.String, android.os.Bundle, java.lang.String[], int, android.os.Bundle, boolean, boolean, int),,0,null,lock <0x0bbcf52e> (a com.android.server.am.ActivityManagerService) held by thread 2041 (android.display),83]
2023-09-25 14:55:52.373  1471  2884 I dvm_lock_sample: [system_server,0,SettingsRegistry,805,ActivityManagerService.java,6367,int com.android.server.am.ActivityManagerService.getUidState(int),,0,null,lock <0x0bbcf52e> (a com.android.server.am.ActivityManagerService) held by thread 2041 (android.display),80]
2023-09-25 14:55:58.075  1471  2049 I dvm_lock_sample: [system_server,1,ActivityManager,74,ActivityManagerService.java,1915,void com.android.server.am.ActivityManagerService$MainHandler.handleMessage(android.os.Message),-,16016,int com.android.server.am.ActivityManagerService.bindIsolatedService(android.app.IApplicationThread, android.os.IBinder, android.content.Intent, java.lang.String, android.app.IServiceConnection, int, java.lang.String, java.lang.String, int),lock <0x0bbcf52e> (a com.android.server.am.ActivityManagerService) held by thread 2030 (Binder:1471_2),7]
2023-09-25 14:56:55.858  1471  7250 I dvm_lock_sample: [system_server,1,Binder:1471_11,58,ActivityManagerService.java,17570,int com.android.server.am.ActivityManagerService.broadcastIntentWithFeature(android.app.IApplicationThread, java.lang.String, android.content.Intent, java.lang.String, android.content.IIntentReceiver, int, java.lang.String, android.os.Bundle, java.lang.String[], int, android.os.Bundle, boolean, boolean, int),-,16016,int com.android.server.am.ActivityManagerService.bindIsolatedService(android.app.IApplicationThread, android.os.IBinder, android.content.Intent, java.lang.String, android.app.IServiceConnection, int, java.lang.String, java.lang.String, int),lock <0x0bbcf52e> (a com.android.server.am.ActivityManagerService) held by thread 7270 (Binder:1471_17),5]
2023-09-25 14:57:23.518  1471  2884 I dvm_lock_sample: [system_server,0,SettingsRegistry,411,ActivityManagerService.java,7168,java.lang.String com.android.server.am.ActivityManagerService.checkContentProviderAccess(java.lang.String, int),ProcessRecord.java,1515,void com.android.server.am.ProcessRecord.updateServiceConnectionActivities(),lock <0x0bbcf52e> (a com.android.server.am.ActivityManagerService) held by thread 2041 (android.display),41]
2023-09-25 14:57:23.521  1471  4361 I dvm_lock_sample: [system_server,0,NetworkStats,284,ActivityManagerService.java,17570,int com.android.server.am.ActivityManagerService.broadcastIntentWithFeature(android.app.IApplicationThread, java.lang.String, android.content.Intent, java.lang.String, android.content.IIntentReceiver, int, java.lang.String, android.os.Bundle, java.lang.String[], int, android.os.Bundle, boolean, boolean, int),ProcessRecord.java,1515,void com.android.server.am.ProcessRecord.updateServiceConnectionActivities(),lock <0x0bbcf52e> (a com.android.server.am.ActivityManagerService) held by thread 2041 (android.display),28]
2023-09-25 14:57:24.311  1471  2041 I dvm_lock_sample: [system_server,1,android.display,787,ActivityManagerService.java,19260,void com.android.server.am.ActivityManagerService.trimApplications(java.lang.String),-,19262,void com.android.server.am.ActivityManagerService.trimApplications(java.lang.String),lock <0x0bbcf52e> (a com.android.server.am.ActivityManagerService) held by thread 7250 (Binder:1471_11),78]
2023-09-25 14:57:24.852  1471  2884 I dvm_lock_sample: [system_server,0,SettingsRegistry,1050,ActivityManagerService.java,7168,java.lang.String com.android.server.am.ActivityManagerService.checkContentProviderAccess(java.lang.String, int),,0,null,lock <0x0bbcf52e> (a com.android.server.am.ActivityManagerService) held by thread 7250 (Binder:1471_11),100]
2023-09-25 14:57:24.854  1471  2039 I dvm_lock_sample: [system_server,1,android.ui,547,ActivityManagerService.java,3473,void com.android.server.am.ActivityManagerService.dispatchProcessesChanged(),,0,null,lock <0x0bbcf52e> (a com.android.server.am.ActivityManagerService) held by thread 7250 (Binder:1471_11),54]
2023-09-25 14:57:24.855  1471  2048 I dvm_lock_sample: [system_server,0,android.bg,546,ActivityManagerService.java,2076,void com.android.server.am.ActivityManagerService$5.handleMessage(android.os.Message),,0,null,lock <0x0bbcf52e> (a com.android.server.am.ActivityManagerService) held by thread 7250 (Binder:1471_11),54]
2023-09-25 14:57:25.083  1471  2038 I dvm_lock_sample: [system_server,0,android.fg,740,ActivityManagerService.java,17570,int com.android.server.am.ActivityManagerService.broadcastIntentWithFeature(android.app.IApplicationThread, java.lang.String, android.content.Intent, java.lang.String, android.content.IIntentReceiver, int, java.lang.String, android.os.Bundle, java.lang.String[], int, android.os.Bundle, boolean, boolean, int),,0,null,lock <0x0bbcf52e> (a com.android.server.am.ActivityManagerService) held by thread 2041 (android.display),74]
2023-09-25 14:57:25.303  1471  2048 I dvm_lock_sample: [system_server,0,android.bg,445,ActivityManagerService.java,2124,void com.android.server.am.ActivityManagerService$5.handleMessage(android.os.Message),,0,null,lock <0x0bbcf52e> (a com.android.server.am.ActivityManagerService) held by thread 7250 (Binder:1471_11),44]
2023-09-25 14:57:30.469  1471  2039 I dvm_lock_sample: [system_server,1,android.ui,636,ActivityManagerService.java,3473,void com.android.server.am.ActivityManagerService.dispatchProcessesChanged(),-,19262,void com.android.server.am.ActivityManagerService.trimApplications(java.lang.String),lock <0x0bbcf52e> (a com.android.server.am.ActivityManagerService) held by thread 2041 (android.display),63]
2023-09-25 14:57:30.470  1471  7250 I dvm_lock_sample: [system_server,1,Binder:1471_11,336,ActivityManagerService.java,7168,java.lang.String com.android.server.am.ActivityManagerService.checkContentProviderAccess(java.lang.String, int),-,19262,void com.android.server.am.ActivityManagerService.trimApplications(java.lang.String),lock <0x0bbcf52e> (a com.android.server.am.ActivityManagerService) held by thread 2041 (android.display),33]
2023-09-25 14:57:31.168  1471  2884 I dvm_lock_sample: [system_server,0,SettingsRegistry,688,ActivityManagerService.java,6367,int com.android.server.am.ActivityManagerService.getUidState(int),,0,null,lock <0x0bbcf52e> (a com.android.server.am.ActivityManagerService) held by thread 2030 (Binder:1471_2),68]
2023-09-25 14:57:31.169  1471  2030 I dvm_lock_sample: [system_server,1,Binder:1471_2,643,ActivityManagerService.java,17570,int com.android.server.am.ActivityManagerService.broadcastIntentWithFeature(android.app.IApplicationThread, java.lang.String, android.content.Intent, java.lang.String, android.content.IIntentReceiver, int, java.lang.String, android.os.Bundle, java.lang.String[], int, android.os.Bundle, boolean, boolean, int),-,19262,void com.android.server.am.ActivityManagerService.trimApplications(java.lang.String),lock <0x0bbcf52e> (a com.android.server.am.ActivityManagerService) held by thread 2041 (android.display),64]
2023-09-25 14:57:31.171  1471  4361 I dvm_lock_sample: [system_server,0,NetworkStats,29,ActivityManagerService.java,17570,int com.android.server.am.ActivityManagerService.broadcastIntentWithFeature(android.app.IApplicationThread, java.lang.String, android.content.Intent, java.lang.String, android.content.IIntentReceiver, int, java.lang.String, android.os.Bundle, java.lang.String[], int, android.os.Bundle, boolean, boolean, int),,0,null,lock <0x0bbcf52e> (a com.android.server.am.ActivityManagerService) held by thread 2041 (android.display),2]
2023-09-25 14:57:31.768  1471  7250 I dvm_lock_sample: [system_server,1,Binder:1471_11,1289,ActivityManagerService.java,7168,java.lang.String com.android.server.am.ActivityManagerService.checkContentProviderAccess(java.lang.String, int),,0,null,lock <0x0bbcf52e> (a com.android.server.am.ActivityManagerService) held by thread 2030 (Binder:1471_2),100]
2023-09-25 14:57:31.769  1471  2039 I dvm_lock_sample: [system_server,1,android.ui,600,ActivityManagerService.java,3629,void com.android.server.am.ActivityManagerService.dispatchUidsChanged(),,0,null,lock <0x0bbcf52e> (a com.android.server.am.ActivityManagerService) held by thread 2030 (Binder:1471_2),60]
2023-09-25 14:57:31.770  1471  2884 I dvm_lock_sample: [system_server,0,SettingsRegistry,600,ActivityManagerService.java,6367,int com.android.server.am.ActivityManagerService.getUidState(int),,0,null,lock <0x0bbcf52e> (a com.android.server.am.ActivityManagerService) held by thread 2030 (Binder:1471_2),60]
2023-09-25 14:57:31.770  1471  2049 I dvm_lock_sample: [system_server,1,ActivityManager,582,BroadcastQueue.java,949,void com.android.server.am.BroadcastQueue.processNextBroadcast(boolean),,0,null,lock <0x0bbcf52e> (a com.android.server.am.ActivityManagerService) held by thread 2041 (android.display),58]
2023-09-25 14:57:31.771  1471  7442 I dvm_lock_sample: [system_server,1,Binder:1471_1B,556,ActivityManagerService.java,19260,void com.android.server.am.ActivityManagerService.trimApplications(java.lang.String),,0,null,lock <0x0bbcf52e> (a com.android.server.am.ActivityManagerService) held by thread 2041 (android.display),55]
2023-09-25 14:57:32.233  1471  1471 I dvm_lock_sample: [system_server,0,main,1064,ActivityManagerService.java,10889,int com.android.server.am.ActivityManagerService.getMemoryTrimLevel(),,0,null,lock <0x0bbcf52e> (a com.android.server.am.ActivityManagerService) held by thread 2030 (Binder:1471_2),100]
2023-09-25 14:57:32.236  1471  7273 I dvm_lock_sample: [system_server,1,Binder:1471_1A,936,ActivityManagerService.java,16015,int com.android.server.am.ActivityManagerService.bindIsolatedService(android.app.IApplicationThread, android.os.IBinder, android.content.Intent, java.lang.String, android.app.IServiceConnection, int, java.lang.String, java.lang.String, int),,0,null,lock <0x0bbcf52e> (a com.android.server.am.ActivityManagerService) held by thread 2041 (android.display),93]
2023-09-25 14:57:32.464  1471  7868 I dvm_lock_sample: [system_server,1,Binder:1471_20,944,ActivityManagerService.java,16015,int com.android.server.am.ActivityManagerService.bindIsolatedService(android.app.IApplicationThread, android.os.IBinder, android.content.Intent, java.lang.String, android.app.IServiceConnection, int, java.lang.String, java.lang.String, int),,0,null,lock <0x0bbcf52e> (a com.android.server.am.ActivityManagerService) held by thread 2041 (android.display),94]
2023-09-25 14:57:32.686  1471  7253 I dvm_lock_sample: [system_server,1,Binder:1471_13,882,ActivityManagerService.java,17570,int com.android.server.am.ActivityManagerService.broadcastIntentWithFeature(android.app.IApplicationThread, java.lang.String, android.content.Intent, java.lang.String, android.content.IIntentReceiver, int, java.lang.String, android.os.Bundle, java.lang.String[], int, android.os.Bundle, boolean, boolean, int),,0,null,lock <0x0bbcf52e> (a com.android.server.am.ActivityManagerService) held by thread 7442 (Binder:1471_1B),88]
2023-09-25 14:57:32.687  1471  2039 I dvm_lock_sample: [system_server,1,android.ui,454,ActivityManagerService.java,3473,void com.android.server.am.ActivityManagerService.dispatchProcessesChanged(),,0,null,lock <0x0bbcf52e> (a com.android.server.am.ActivityManagerService) held by thread 7442 (Binder:1471_1B),45]
2023-09-25 14:57:32.997  1471  7250 I dvm_lock_sample: [system_server,1,Binder:1471_11,760,ActivityManagerService.java,20071,boolean com.android.server.am.ActivityManagerService$LocalService.isUidActive(int),-,16016,int com.android.server.am.ActivityManagerService.bindIsolatedService(android.app.IApplicationThread, android.os.IBinder, android.content.Intent, java.lang.String, android.app.IServiceConnection, int, java.lang.String, java.lang.String, int),lock <0x0bbcf52e> (a com.android.server.am.ActivityManagerService) held by thread 7273 (Binder:1471_1A),76]
